Archive member included to satisfy reference by file (symbol)

C:/arm-gnu-toolchain-15.2.rel1-mingw-w64-i686-arm-none-eabi/bin/../lib/gcc/arm-none-eabi/15.2.1/../../../../arm-none-eabi/lib/thumb/v7e-m+fp/hard\libc_nano.a(libc_a-nano-vfprintf_float.o)
                              (_printf_float)
C:/arm-gnu-toolchain-15.2.rel1-mingw-w64-i686-arm-none-eabi/bin/../lib/gcc/arm-none-eabi/15.2.1/../../../../arm-none-eabi/lib/thumb/v7e-m+fp/hard\libc_nano.a(libc_a-nano-vfprintf_i.o)
                              C:/arm-gnu-toolchain-15.2.rel1-mingw-w64-i686-arm-none-eabi/bin/../lib/gcc/arm-none-eabi/15.2.1/../../../../arm-none-eabi/lib/thumb/v7e-m+fp/hard\libc_nano.a(libc_a-nano-vfprintf_float.o) (_printf_common)
C:/arm-gnu-toolchain-15.2.rel1-mingw-w64-i686-arm-none-eabi/bin/../lib/gcc/arm-none-eabi/15.2.1/../../../../arm-none-eabi/lib/thumb/v7e-m+fp/hard\libc_nano.a(libc_a-localeconv.o)
                              C:/arm-gnu-toolchain-15.2.rel1-mingw-w64-i686-arm-none-eabi/bin/../lib/gcc/arm-none-eabi/15.2.1/../../../../arm-none-eabi/lib/thumb/v7e-m+fp/hard\libc_nano.a(libc_a-nano-vfprintf_float.o) (_localeconv_r)
C:/arm-gnu-toolchain-15.2.rel1-mingw-w64-i686-arm-none-eabi/bin/../lib/gcc/arm-none-eabi/15.2.1/../../../../arm-none-eabi/lib/thumb/v7e-m+fp/hard\libc_nano.a(libc_a-errno.o)
                              runtime.o (__errno)
C:/arm-gnu-toolchain-15.2.rel1-mingw-w64-i686-arm-none-eabi/bin/../lib/gcc/arm-none-eabi/15.2.1/../../../../arm-none-eabi/lib/thumb/v7e-m+fp/hard\libc_nano.a(libc_a-memchr.o)
                              C:/arm-gnu-toolchain-15.2.rel1-mingw-w64-i686-arm-none-eabi/bin/../lib/gcc/arm-none-eabi/15.2.1/../../../../arm-none-eabi/lib/thumb/v7e-m+fp/hard\libc_nano.a(libc_a-nano-vfprintf_i.o) (memchr)
C:/arm-gnu-toolchain-15.2.rel1-mingw-w64-i686-arm-none-eabi/bin/../lib/gcc/arm-none-eabi/15.2.1/../../../../arm-none-eabi/lib/thumb/v7e-m+fp/hard\libc_nano.a(libc_a-strlen.o)
                              C:/arm-gnu-toolchain-15.2.rel1-mingw-w64-i686-arm-none-eabi/bin/../lib/gcc/arm-none-eabi/15.2.1/../../../../arm-none-eabi/lib/thumb/v7e-m+fp/hard\libc_nano.a(libc_a-nano-vfprintf_float.o) (strlen)
C:/arm-gnu-toolchain-15.2.rel1-mingw-w64-i686-arm-none-eabi/bin/../lib/gcc/arm-none-eabi/15.2.1/../../../../arm-none-eabi/lib/thumb/v7e-m+fp/hard\libc_nano.a(libc_a-dtoa.o)
                              C:/arm-gnu-toolchain-15.2.rel1-mingw-w64-i686-arm-none-eabi/bin/../lib/gcc/arm-none-eabi/15.2.1/../../../../arm-none-eabi/lib/thumb/v7e-m+fp/hard\libc_nano.a(libc_a-nano-vfprintf_float.o) (_dtoa_r)
C:/arm-gnu-toolchain-15.2.rel1-mingw-w64-i686-arm-none-eabi/bin/../lib/gcc/arm-none-eabi/15.2.1/../../../../arm-none-eabi/lib/thumb/v7e-m+fp/hard\libc_nano.a(libc_a-malloc.o)
                              C:/arm-gnu-toolchain-15.2.rel1-mingw-w64-i686-arm-none-eabi/bin/../lib/gcc/arm-none-eabi/15.2.1/../../../../arm-none-eabi/lib/thumb/v7e-m+fp/hard\libc_nano.a(libc_a-dtoa.o) (malloc)
C:/arm-gnu-toolchain-15.2.rel1-mingw-w64-i686-arm-none-eabi/bin/../lib/gcc/arm-none-eabi/15.2.1/../../../../arm-none-eabi/lib/thumb/v7e-m+fp/hard\libc_nano.a(libc_a-mallocr.o)
                              C:/arm-gnu-toolchain-15.2.rel1-mingw-w64-i686-arm-none-eabi/bin/../lib/gcc/arm-none-eabi/15.2.1/../../../../arm-none-eabi/lib/thumb/v7e-m+fp/hard\libc_nano.a(libc_a-malloc.o) (_malloc_r)
C:/arm-gnu-toolchain-15.2.rel1-mingw-w64-i686-arm-none-eabi/bin/../lib/gcc/arm-none-eabi/15.2.1/../../../../arm-none-eabi/lib/thumb/v7e-m+fp/hard\libc_nano.a(libc_a-mlock.o)
                              C:/arm-gnu-toolchain-15.2.rel1-mingw-w64-i686-arm-none-eabi/bin/../lib/gcc/arm-none-eabi/15.2.1/../../../../arm-none-eabi/lib/thumb/v7e-m+fp/hard\libc_nano.a(libc_a-mallocr.o) (__malloc_lock)
C:/arm-gnu-toolchain-15.2.rel1-mingw-w64-i686-arm-none-eabi/bin/../lib/gcc/arm-none-eabi/15.2.1/../../../../arm-none-eabi/lib/thumb/v7e-m+fp/hard\libc_nano.a(libc_a-mprec.o)
                              C:/arm-gnu-toolchain-15.2.rel1-mingw-w64-i686-arm-none-eabi/bin/../lib/gcc/arm-none-eabi/15.2.1/../../../../arm-none-eabi/lib/thumb/v7e-m+fp/hard\libc_nano.a(libc_a-dtoa.o) (_Balloc)
C:/arm-gnu-toolchain-15.2.rel1-mingw-w64-i686-arm-none-eabi/bin/../lib/gcc/arm-none-eabi/15.2.1/../../../../arm-none-eabi/lib/thumb/v7e-m+fp/hard\libc_nano.a(libc_a-locale.o)
                              C:/arm-gnu-toolchain-15.2.rel1-mingw-w64-i686-arm-none-eabi/bin/../lib/gcc/arm-none-eabi/15.2.1/../../../../arm-none-eabi/lib/thumb/v7e-m+fp/hard\libc_nano.a(libc_a-localeconv.o) (__global_locale)
C:/arm-gnu-toolchain-15.2.rel1-mingw-w64-i686-arm-none-eabi/bin/../lib/gcc/arm-none-eabi/15.2.1/../../../../arm-none-eabi/lib/thumb/v7e-m+fp/hard\libc_nano.a(libc_a-impure.o)
                              C:/arm-gnu-toolchain-15.2.rel1-mingw-w64-i686-arm-none-eabi/bin/../lib/gcc/arm-none-eabi/15.2.1/../../../../arm-none-eabi/lib/thumb/v7e-m+fp/hard\libc_nano.a(libc_a-errno.o) (_impure_ptr)
[...]
Memory Configuration

Name             Origin             Length             Attributes
ROM              0x08000000         0x00080000         xr
RAM              0x20000000         0x00020000         xrw
*default*        0x00000000         0xffffffff

Linker script and memory map

LOAD main.o
LOAD runtime.o
LOAD crt0.o
LOAD C:/arm-gnu-toolchain-15.2.rel1-mingw-w64-i686-arm-none-eabi/bin/../lib/gcc/arm-none-eabi/15.2.1/../../../../arm-none-eabi/lib/thumb/v7e-m+fp/hard\libc_nano.a
LOAD C:/arm-gnu-toolchain-15.2.rel1-mingw-w64-i686-arm-none-eabi/bin/../lib/gcc/arm-none-eabi/15.2.1/thumb/v7e-m+fp/hard\libgcc.a
START GROUP
LOAD C:/arm-gnu-toolchain-15.2.rel1-mingw-w64-i686-arm-none-eabi/bin/../lib/gcc/arm-none-eabi/15.2.1/thumb/v7e-m+fp/hard\libgcc.a
LOAD C:/arm-gnu-toolchain-15.2.rel1-mingw-w64-i686-arm-none-eabi/bin/../lib/gcc/arm-none-eabi/15.2.1/../../../../arm-none-eabi/lib/thumb/v7e-m+fp/hard\libc_nano.a
END GROUP
START GROUP
LOAD C:/arm-gnu-toolchain-15.2.rel1-mingw-w64-i686-arm-none-eabi/bin/../lib/gcc/arm-none-eabi/15.2.1/thumb/v7e-m+fp/hard\libgcc.a
LOAD C:/arm-gnu-toolchain-15.2.rel1-mingw-w64-i686-arm-none-eabi/bin/../lib/gcc/arm-none-eabi/15.2.1/../../../../arm-none-eabi/lib/thumb/v7e-m+fp/hard\libc_nano.a
LOAD C:/arm-gnu-toolchain-15.2.rel1-mingw-w64-i686-arm-none-eabi/bin/../lib/gcc/arm-none-eabi/15.2.1/../../../../arm-none-eabi/lib/thumb/v7e-m+fp/hard\libnosys.a
END GROUP
START GROUP
LOAD C:/arm-gnu-toolchain-15.2.rel1-mingw-w64-i686-arm-none-eabi/bin/../lib/gcc/arm-none-eabi/15.2.1/thumb/v7e-m+fp/hard\libgcc.a
LOAD C:/arm-gnu-toolchain-15.2.rel1-mingw-w64-i686-arm-none-eabi/bin/../lib/gcc/arm-none-eabi/15.2.1/../../../../arm-none-eabi/lib/thumb/v7e-m+fp/hard\libc_nano.a
LOAD C:/arm-gnu-toolchain-15.2.rel1-mingw-w64-i686-arm-none-eabi/bin/../lib/gcc/arm-none-eabi/15.2.1/../../../../arm-none-eabi/lib/thumb/v7e-m+fp/hard\libnosys.a
END GROUP

.text           0x08000000      0xd40
                0x08000000                        __RO_BASE__ = .
 crt0.o(.text)
 .text          0x08000000       0x70 crt0.o
                0x08000008                __start
 *(.text)
 .text          0x08000070       0x50 main.o
                0x08000070                Main
 .text          0x080000c0       0x3c runtime.o
                0x080000c0                _sbrk
                0x080000c4                _write
                0x080000c8                _read
                0x080000cc                _lseek
                0x080000d0                _close
                0x080000d8                _fstat
                0x080000e4                _isatty
                0x080000e8                _getpid
                0x080000ec                _kill
 .text          0x080000fc        0x0 C:/arm-gnu-toolchain-15.2.rel1-mingw-w64-i686-arm-none-eabi/bin/../lib/gcc/arm-none-eabi/15.2.1/../../../../arm-none-eabi/lib/thumb/v7e-m+fp/hard\libc_nano.a(libc_a-nano-vfprintf_float.o)
 .text          0x080000fc        0x0 C:/arm-gnu-toolchain-15.2.rel1-mingw-w64-i686-arm-none-eabi/bin/../lib/gcc/arm-none-eabi/15.2.1/../../../../arm-none-eabi/lib/thumb/v7e-m+fp/hard\libc_nano.a(libc_a-nano-vfprintf_i.o)
 .text          0x080000fc        0x0 C:/arm-gnu-toolchain-15.2.rel1-mingw-w64-i686-arm-none-eabi/bin/../lib/gcc/arm-none-eabi/15.2.1/../../../../arm-none-eabi/lib/thumb/v7e-m+fp/hard\libc_nano.a(libc_a-localeconv.o)
 .text          0x080000fc        0x0 C:/arm-gnu-toolchain-15.2.rel1-mingw-w64-i686-arm-none-eabi/bin/../lib/gcc/arm-none-eabi/15.2.1/../../../../arm-none-eabi/lib/thumb/v7e-m+fp/hard\libc_nano.a(libc_a-errno.o)
 *fill*         0x080000fc        0x4 
 .text          0x08000100       0xa0 C:/arm-gnu-toolchain-15.2.rel1-mingw-w64-i686-arm-none-eabi/bin/../lib/gcc/arm-none-eabi/15.2.1/../../../../arm-none-eabi/lib/thumb/v7e-m+fp/hard\libc_nano.a(libc_a-memchr.o)
                0x08000100                memchr
 .text          0x080001a0       0x10 C:/arm-gnu-toolchain-15.2.rel1-mingw-w64-i686-arm-none-eabi/bin/../lib/gcc/arm-none-eabi/15.2.1/../../../../arm-none-eabi/lib/thumb/v7e-m+fp/hard\libc_nano.a(libc_a-strlen.o)
                0x080001a0                strlen
 .text          0x080001b0        0x0 C:/arm-gnu-toolchain-15.2.rel1-mingw-w64-i686-arm-none-eabi/bin/../lib/gcc/arm-none-eabi/15.2.1/../../../../arm-none-eabi/lib/thumb/v7e-m+fp/hard\libc_nano.a(libc_a-dtoa.o)
 .text          0x080001b0        0x0 C:/arm-gnu-toolchain-15.2.rel1-mingw-w64-i686-arm-none-eabi/bin/../lib/gcc/arm-none-eabi/15.2.1/../../../../arm-none-eabi/lib/thumb/v7e-m+fp/hard\libc_nano.a(libc_a-malloc.o)
 .text          0x080001b0        0x0 C:/arm-gnu-toolchain-15.2.rel1-mingw-w64-i686-arm-none-eabi/bin/../lib/gcc/arm-none-eabi/15.2.1/../../../../arm-none-eabi/lib/thumb/v7e-m+fp/hard\libc_nano.a(libc_a-mallocr.o)
 .text          0x080001b0        0x0 C:/arm-gnu-toolchain-15.2.rel1-mingw-w64-i686-arm-none-eabi/bin/../lib/gcc/arm-none-eabi/15.2.1/../../../../arm-none-eabi/lib/thumb/v7e-m+fp/hard\libc_nano.a(libc_a-mlock.o)
 .text          0x080001b0        0x0 C:/arm-gnu-toolchain-15.2.rel1-mingw-w64-i686-arm-none-eabi/bin/../lib/gcc/arm-none-eabi/15.2.1/../../../../arm-none-eabi/lib/thumb/v7e-m+fp/hard\libc_nano.a(libc_a-mprec.o)
 .text          0x080001b0        0x0 C:/arm-gnu-toolchain-15.2.rel1-mingw-w64-i686-arm-none-eabi/bin/../lib/gcc/arm-none-eabi/15.2.1/../../../../arm-none-eabi/lib/thumb/v7e-m+fp/hard\libc_nano.a(libc_a-locale.o)
 .text          0x080001b0        0x0 C:/arm-gnu-toolchain-15.2.rel1-mingw-w64-i686-arm-none-eabi/bin/../lib/gcc/arm-none-eabi/15.2.1/../../../../arm-none-eabi/lib/thumb/v7e-m+fp/hard\libc_nano.a(libc_a-impure.o)
 .text          0x080001b0        0x0 C:/arm-gnu-toolchain-15.2.rel1-mingw-w64-i686-arm-none-eabi/bin/../lib/gcc/arm-none-eabi/15.2.1/../../../../arm-none-eabi/lib/thumb/v7e-m+fp/hard\libc_nano.a(libc_a-sbrkr.o)
 .text          0x080001b0        0x0 C:/arm-gnu-toolchain-15.2.rel1-mingw-w64-i686-arm-none-eabi/bin/../lib/gcc/arm-none-eabi/15.2.1/../../../../arm-none-eabi/lib/thumb/v7e-m+fp/hard\libc_nano.a(libc_a-lock.o)
 .text          0x080001b0       0x14 C:/arm-gnu-toolchain-15.2.rel1-mingw-w64-i686-arm-none-eabi/bin/../lib/gcc/arm-none-eabi/15.2.1/../../../../arm-none-eabi/lib/thumb/v7e-m+fp/hard\libc_nano.a(libc_a-strcmp.o)
                0x080001b0                strcmp
 .text          0x080001c4        0x0 C:/arm-gnu-toolchain-15.2.rel1-mingw-w64-i686-arm-none-eabi/bin/../lib/gcc/arm-none-eabi/15.2.1/../../../../arm-none-eabi/lib/thumb/v7e-m+fp/hard\libc_nano.a(libc_a-memcpy-stub.o)
 .text          0x080001c4        0x0 C:/arm-gnu-toolchain-15.2.rel1-mingw-w64-i686-arm-none-eabi/bin/../lib/gcc/arm-none-eabi/15.2.1/../../../../arm-none-eabi/lib/thumb/v7e-m+fp/hard\libc_nano.a(libc_a-assert.o)
 .text          0x080001c4        0x0 C:/arm-gnu-toolchain-15.2.rel1-mingw-w64-i686-arm-none-eabi/bin/../lib/gcc/arm-none-eabi/15.2.1/../../../../arm-none-eabi/lib/thumb/v7e-m+fp/hard\libc_nano.a(libc_a-callocr.o)
 .text          0x080001c4        0x0 C:/arm-gnu-toolchain-15.2.rel1-mingw-w64-i686-arm-none-eabi/bin/../lib/gcc/arm-none-eabi/15.2.1/../../../../arm-none-eabi/lib/thumb/v7e-m+fp/hard\libc_nano.a(libc_a-freer.o)
 .text          0x080001c4        0x0 C:/arm-gnu-toolchain-15.2.rel1-mingw-w64-i686-arm-none-eabi/bin/../lib/gcc/arm-none-eabi/15.2.1/../../../../arm-none-eabi/lib/thumb/v7e-m+fp/hard\libc_nano.a(libc_a-mbtowc_r.o)
 .text          0x080001c4        0x0 C:/arm-gnu-toolchain-15.2.rel1-mingw-w64-i686-arm-none-eabi/bin/../lib/gcc/arm-none-eabi/15.2.1/../../../../arm-none-eabi/lib/thumb/v7e-m+fp/hard\libc_nano.a(libc_a-wctomb_r.o)
 .text          0x080001c4        0x0 C:/arm-gnu-toolchain-15.2.rel1-mingw-w64-i686-arm-none-eabi/bin/../lib/gcc/arm-none-eabi/15.2.1/../../../../arm-none-eabi/lib/thumb/v7e-m+fp/hard\libc_nano.a(libc_a-ctype_.o)
 .text          0x080001c4        0x0 C:/arm-gnu-toolchain-15.2.rel1-mingw-w64-i686-arm-none-eabi/bin/../lib/gcc/arm-none-eabi/15.2.1/../../../../arm-none-eabi/lib/thumb/v7e-m+fp/hard\libc_nano.a(libc_a-fprintf.o)
 .text          0x080001c4        0x0 C:/arm-gnu-toolchain-15.2.rel1-mingw-w64-i686-arm-none-eabi/bin/../lib/gcc/arm-none-eabi/15.2.1/../../../../arm-none-eabi/lib/thumb/v7e-m+fp/hard\libc_nano.a(libc_a-memset.o)
 .text          0x080001c4        0x0 C:/arm-gnu-toolchain-15.2.rel1-mingw-w64-i686-arm-none-eabi/bin/../lib/gcc/arm-none-eabi/15.2.1/../../../../arm-none-eabi/lib/thumb/v7e-m+fp/hard\libc_nano.a(libc_a-reent.o)
 .text          0x080001c4        0x0 C:/arm-gnu-toolchain-15.2.rel1-mingw-w64-i686-arm-none-eabi/bin/../lib/gcc/arm-none-eabi/15.2.1/../../../../arm-none-eabi/lib/thumb/v7e-m+fp/hard\libc_nano.a(libc_a-abort.o)
 .text          0x080001c4        0x0 C:/arm-gnu-toolchain-15.2.rel1-mingw-w64-i686-arm-none-eabi/bin/../lib/gcc/arm-none-eabi/15.2.1/../../../../arm-none-eabi/lib/thumb/v7e-m+fp/hard\libc_nano.a(libc_a-nano-vfprintf.o)
 .text          0x080001c4        0x0 C:/arm-gnu-toolchain-15.2.rel1-mingw-w64-i686-arm-none-eabi/bin/../lib/gcc/arm-none-eabi/15.2.1/../../../../arm-none-eabi/lib/thumb/v7e-m+fp/hard\libc_nano.a(libc_a-findfp.o)
 .text          0x080001c4        0x0 C:/arm-gnu-toolchain-15.2.rel1-mingw-w64-i686-arm-none-eabi/bin/../lib/gcc/arm-none-eabi/15.2.1/../../../../arm-none-eabi/lib/thumb/v7e-m+fp/hard\libc_nano.a(libc_a-fvwrite.o)
 .text          0x080001c4        0x0 C:/arm-gnu-toolchain-15.2.rel1-mingw-w64-i686-arm-none-eabi/bin/../lib/gcc/arm-none-eabi/15.2.1/../../../../arm-none-eabi/lib/thumb/v7e-m+fp/hard\libc_nano.a(libc_a-fwalk.o)
 .text          0x080001c4        0x0 C:/arm-gnu-toolchain-15.2.rel1-mingw-w64-i686-arm-none-eabi/bin/../lib/gcc/arm-none-eabi/15.2.1/../../../../arm-none-eabi/lib/thumb/v7e-m+fp/hard\libc_nano.a(libc_a-stdio.o)
 .text          0x080001c4        0x0 C:/arm-gnu-toolchain-15.2.rel1-mingw-w64-i686-arm-none-eabi/bin/../lib/gcc/arm-none-eabi/15.2.1/../../../../arm-none-eabi/lib/thumb/v7e-m+fp/hard\libc_nano.a(libc_a-wbuf.o)
 .text          0x080001c4        0x0 C:/arm-gnu-toolchain-15.2.rel1-mingw-w64-i686-arm-none-eabi/bin/../lib/gcc/arm-none-eabi/15.2.1/../../../../arm-none-eabi/lib/thumb/v7e-m+fp/hard\libc_nano.a(libc_a-wsetup.o)
 .text          0x080001c4        0x0 C:/arm-gnu-toolchain-15.2.rel1-mingw-w64-i686-arm-none-eabi/bin/../lib/gcc/arm-none-eabi/15.2.1/../../../../arm-none-eabi/lib/thumb/v7e-m+fp/hard\libc_nano.a(libc_a-memmove.o)
 .text          0x080001c4        0x0 C:/arm-gnu-toolchain-15.2.rel1-mingw-w64-i686-arm-none-eabi/bin/../lib/gcc/arm-none-eabi/15.2.1/../../../../arm-none-eabi/lib/thumb/v7e-m+fp/hard\libc_nano.a(libc_a-signal.o)
 .text          0x080001c4        0x0 C:/arm-gnu-toolchain-15.2.rel1-mingw-w64-i686-arm-none-eabi/bin/../lib/gcc/arm-none-eabi/15.2.1/../../../../arm-none-eabi/lib/thumb/v7e-m+fp/hard\libc_nano.a(libc_a-closer.o)
 .text          0x080001c4        0x0 C:/arm-gnu-toolchain-15.2.rel1-mingw-w64-i686-arm-none-eabi/bin/../lib/gcc/arm-none-eabi/15.2.1/../../../../arm-none-eabi/lib/thumb/v7e-m+fp/hard\libc_nano.a(libc_a-lseekr.o)
 .text          0x080001c4        0x0 C:/arm-gnu-toolchain-15.2.rel1-mingw-w64-i686-arm-none-eabi/bin/../lib/gcc/arm-none-eabi/15.2.1/../../../../arm-none-eabi/lib/thumb/v7e-m+fp/hard\libc_nano.a(libc_a-readr.o)
 .text          0x080001c4        0x0 C:/arm-gnu-toolchain-15.2.rel1-mingw-w64-i686-arm-none-eabi/bin/../lib/gcc/arm-none-eabi/15.2.1/../../../../arm-none-eabi/lib/thumb/v7e-m+fp/hard\libc_nano.a(libc_a-signalr.o)
 .text          0x080001c4        0x0 C:/arm-gnu-toolchain-15.2.rel1-mingw-w64-i686-arm-none-eabi/bin/../lib/gcc/arm-none-eabi/15.2.1/../../../../arm-none-eabi/lib/thumb/v7e-m+fp/hard\libc_nano.a(libc_a-writer.o)
 .text          0x080001c4        0x0 C:/arm-gnu-toolchain-15.2.rel1-mingw-w64-i686-arm-none-eabi/bin/../lib/gcc/arm-none-eabi/15.2.1/../../../../arm-none-eabi/lib/thumb/v7e-m+fp/hard\libc_nano.a(libc_a-reallocr.o)
 .text          0x080001c4        0x0 C:/arm-gnu-toolchain-15.2.rel1-mingw-w64-i686-arm-none-eabi/bin/../lib/gcc/arm-none-eabi/15.2.1/../../../../arm-none-eabi/lib/thumb/v7e-m+fp/hard\libc_nano.a(libc_a-fflush.o)
 .text          0x080001c4        0x0 C:/arm-gnu-toolchain-15.2.rel1-mingw-w64-i686-arm-none-eabi/bin/../lib/gcc/arm-none-eabi/15.2.1/../../../../arm-none-eabi/lib/thumb/v7e-m+fp/hard\libc_nano.a(libc_a-makebuf.o)
 .text          0x080001c4        0x0 C:/arm-gnu-toolchain-15.2.rel1-mingw-w64-i686-arm-none-eabi/bin/../lib/gcc/arm-none-eabi/15.2.1/../../../../arm-none-eabi/lib/thumb/v7e-m+fp/hard\libc_nano.a(libc_a-fstatr.o)
 .text          0x080001c4        0x0 C:/arm-gnu-toolchain-15.2.rel1-mingw-w64-i686-arm-none-eabi/bin/../lib/gcc/arm-none-eabi/15.2.1/../../../../arm-none-eabi/lib/thumb/v7e-m+fp/hard\libc_nano.a(libc_a-isattyr.o)
 .text          0x080001c4        0x0 C:/arm-gnu-toolchain-15.2.rel1-mingw-w64-i686-arm-none-eabi/bin/../lib/gcc/arm-none-eabi/15.2.1/../../../../arm-none-eabi/lib/thumb/v7e-m+fp/hard\libc_nano.a(libc_a-msizer.o)
 .text          0x080001c4      0x254 C:/arm-gnu-toolchain-15.2.rel1-mingw-w64-i686-arm-none-eabi/bin/../lib/gcc/arm-none-eabi/15.2.1/thumb/v7e-m+fp/hard\libgcc.a(_arm_muldf3.o)
 .text          0x08000418      0x378 C:/arm-gnu-toolchain-15.2.rel1-mingw-w64-i686-arm-none-eabi/bin/../lib/gcc/arm-none-eabi/15.2.1/thumb/v7e-m+fp/hard\libgcc.a(_arm_addsubdf3.o)
                0x08000418                __aeabi_drsub
                0x08000420                __aeabi_dsub
                0x08000420                __subdf3
                0x08000424                __aeabi_dadd
                0x08000424                __adddf3
                0x0800069c                __floatunsidf
                0x0800069c                __aeabi_ui2d
                0x080006bc                __floatsidf
                0x080006bc                __aeabi_i2d
                0x080006e0                __aeabi_f2d
                0x080006e0                __extendsfdf2
                0x08000724                __floatundidf
                0x08000724                __aeabi_ul2d
                0x08000734                __floatdidf
                0x08000734                __aeabi_l2d
 .text          0x08000790      0x424 C:/arm-gnu-toolchain-15.2.rel1-mingw-w64-i686-arm-none-eabi/bin/../lib/gcc/arm-none-eabi/15.2.1/thumb/v7e-m+fp/hard\libgcc.a(_arm_muldivdf3.o)
                0x08000790                __aeabi_dmul
                0x08000790                __muldf3
                0x080009e4                __divdf3
                0x080009e4                __aeabi_ddiv
 .text          0x08000bb4      0x110 C:/arm-gnu-toolchain-15.2.rel1-mingw-w64-i686-arm-none-eabi/bin/../lib/gcc/arm-none-eabi/15.2.1/thumb/v7e-m+fp/hard\libgcc.a(_arm_cmpdf2.o)
                0x08000bb4                __gtdf2
                0x08000bb4                __gedf2
                0x08000bbc                __ltdf2
                0x08000bbc                __ledf2
                0x08000bc4                __nedf2
                0x08000bc4                __eqdf2
                0x08000bc4                __cmpdf2
                0x08000c40                __aeabi_cdrcmple
                0x08000c50                __aeabi_cdcmpeq
                0x08000c50                __aeabi_cdcmple
                0x08000c60                __aeabi_dcmpeq
                0x08000c74                __aeabi_dcmplt
                0x08000c88                __aeabi_dcmple
                0x08000c9c                __aeabi_dcmpge
                0x08000cb0                __aeabi_dcmpgt
 .text          0x08000cc4       0x2c C:/arm-gnu-toolchain-15.2.rel1-mingw-w64-i686-arm-none-eabi/bin/../lib/gcc/arm-none-eabi/15.2.1/thumb/v7e-m+fp/hard\libgcc.a(_arm_unorddf2.o)
                0x08000cc4                __unorddf2
                0x08000cc4                __aeabi_dcmpun
 .text          0x08000cf0       0x50 C:/arm-gnu-toolchain-15.2.rel1-mingw-w64-i686-arm-none-eabi/bin/../lib/gcc/arm-none-eabi/15.2.1/thumb/v7e-m+fp/hard\libgcc.a(_arm_fixdfsi.o)
                0x08000cf0                __aeabi_d2iz
                0x08000cf0                __fixdfsi
 .text          0x08000d40        0x0 C:/arm-gnu-toolchain-15.2.rel1-mingw-w64-i686-arm-none-eabi/bin/../lib/gcc/arm-none-eabi/15.2.1/../../../../arm-none-eabi/lib/thumb/v7e-m+fp/hard\libnosys.a(_exit.o)
                0x08000d40                        . = ALIGN (0x4)

.glue_7         0x08000d40        0x0
 .glue_7        0x08000d40        0x0 linker stubs

.glue_7t        0x08000d40        0x0
 .glue_7t       0x08000d40        0x0 linker stubs

.vfp11_veneer   0x08000d40        0x0
 .vfp11_veneer  0x08000d40        0x0 linker stubs

.v4_bx          0x08000d40        0x0
 .v4_bx         0x08000d40        0x0 linker stubs

.iplt           0x08000d40        0x0
 .iplt          0x08000d40        0x0 runtime.o

.text.__cvt     0x08000d40       0xbe
 .text.__cvt    0x08000d40       0xbe C:/arm-gnu-toolchain-15.2.rel1-mingw-w64-i686-arm-none-eabi/bin/../lib/gcc/arm-none-eabi/15.2.1/../../../../arm-none-eabi/lib/thumb/v7e-m+fp/hard\libc_nano.a(libc_a-nano-vfprintf_float.o)
                0x08000d40                __cvt

.text.__exponent
                0x08000dfe       0x76
 .text.__exponent
                0x08000dfe       0x76 C:/arm-gnu-toolchain-15.2.rel1-mingw-w64-i686-arm-none-eabi/bin/../lib/gcc/arm-none-eabi/15.2.1/../../../../arm-none-eabi/lib/thumb/v7e-m+fp/hard\libc_nano.a(libc_a-nano-vfprintf_float.o)
                0x08000dfe                __exponent

.text._printf_float
                0x08000e74      0x448
 .text._printf_float
                0x08000e74      0x448 C:/arm-gnu-toolchain-15.2.rel1-mingw-w64-i686-arm-none-eabi/bin/../lib/gcc/arm-none-eabi/15.2.1/../../../../arm-none-eabi/lib/thumb/v7e-m+fp/hard\libc_nano.a(libc_a-nano-vfprintf_float.o)
                0x08000e74                _printf_float

.text._printf_common
                0x080012bc       0xea
 .text._printf_common
                0x080012bc       0xea C:/arm-gnu-toolchain-15.2.rel1-mingw-w64-i686-arm-none-eabi/bin/../lib/gcc/arm-none-eabi/15.2.1/../../../../arm-none-eabi/lib/thumb/v7e-m+fp/hard\libc_nano.a(libc_a-nano-vfprintf_i.o)
                0x080012bc                _printf_common

.text._printf_i
                0x080013a8      0x254
 .text._printf_i
                0x080013a8      0x254 C:/arm-gnu-toolchain-15.2.rel1-mingw-w64-i686-arm-none-eabi/bin/../lib/gcc/arm-none-eabi/15.2.1/../../../../arm-none-eabi/lib/thumb/v7e-m+fp/hard\libc_nano.a(libc_a-nano-vfprintf_i.o)
                0x080013a8                _printf_i

.text.__localeconv_l
                0x080015fc        0x4
 .text.__localeconv_l
                0x080015fc        0x4 C:/arm-gnu-toolchain-15.2.rel1-mingw-w64-i686-arm-none-eabi/bin/../lib/gcc/arm-none-eabi/15.2.1/../../../../arm-none-eabi/lib/thumb/v7e-m+fp/hard\libc_nano.a(libc_a-localeconv.o)
                0x080015fc                __localeconv_l

.text._localeconv_r
                0x08001600        0x8
 .text._localeconv_r
                0x08001600        0x8 C:/arm-gnu-toolchain-15.2.rel1-mingw-w64-i686-arm-none-eabi/bin/../lib/gcc/arm-none-eabi/15.2.1/../../../../arm-none-eabi/lib/thumb/v7e-m+fp/hard\libc_nano.a(libc_a-localeconv.o)
                0x08001600                _localeconv_r

.text.localeconv
                0x08001608        0x8
 .text.localeconv
                0x08001608        0x8 C:/arm-gnu-toolchain-15.2.rel1-mingw-w64-i686-arm-none-eabi/bin/../lib/gcc/arm-none-eabi/15.2.1/../../../../arm-none-eabi/lib/thumb/v7e-m+fp/hard\libc_nano.a(libc_a-localeconv.o)
                0x08001608                localeconv

.text.__errno   0x08001610        0xc
 .text.__errno  0x08001610        0xc C:/arm-gnu-toolchain-15.2.rel1-mingw-w64-i686-arm-none-eabi/bin/../lib/gcc/arm-none-eabi/15.2.1/../../../../arm-none-eabi/lib/thumb/v7e-m+fp/hard\libc_nano.a(libc_a-errno.o)
                0x08001610                __errno

.text.quorem    0x0800161c      0x110
 .text.quorem   0x0800161c      0x110 C:/arm-gnu-toolchain-15.2.rel1-mingw-w64-i686-arm-none-eabi/bin/../lib/gcc/arm-none-eabi/15.2.1/../../../../arm-none-eabi/lib/thumb/v7e-m+fp/hard\libc_nano.a(libc_a-dtoa.o)

.text._dtoa_r   0x08001730      0xbac
 .text._dtoa_r  0x08001730      0xbac C:/arm-gnu-toolchain-15.2.rel1-mingw-w64-i686-arm-none-eabi/bin/../lib/gcc/arm-none-eabi/15.2.1/../../../../arm-none-eabi/lib/thumb/v7e-m+fp/hard\libc_nano.a(libc_a-dtoa.o)
                0x08001730                _dtoa_r

.text.malloc    0x080022dc       0x10
 .text.malloc   0x080022dc       0x10 C:/arm-gnu-toolchain-15.2.rel1-mingw-w64-i686-arm-none-eabi/bin/../lib/gcc/arm-none-eabi/15.2.1/../../../../arm-none-eabi/lib/thumb/v7e-m+fp/hard\libc_nano.a(libc_a-malloc.o)
                0x080022dc                malloc

.text.free      0x080022ec       0x10
 .text.free     0x080022ec       0x10 C:/arm-gnu-toolchain-15.2.rel1-mingw-w64-i686-arm-none-eabi/bin/../lib/gcc/arm-none-eabi/15.2.1/../../../../arm-none-eabi/lib/thumb/v7e-m+fp/hard\libc_nano.a(libc_a-malloc.o)
                0x080022ec                free

.text.sbrk_aligned
                0x080022fc       0x44
 .text.sbrk_aligned
                0x080022fc       0x44 C:/arm-gnu-toolchain-15.2.rel1-mingw-w64-i686-arm-none-eabi/bin/../lib/gcc/arm-none-eabi/15.2.1/../../../../arm-none-eabi/lib/thumb/v7e-m+fp/hard\libc_nano.a(libc_a-mallocr.o)

.text._malloc_r
                0x08002340       0xf8
 .text._malloc_r
                0x08002340       0xf8 C:/arm-gnu-toolchain-15.2.rel1-mingw-w64-i686-arm-none-eabi/bin/../lib/gcc/arm-none-eabi/15.2.1/../../../../arm-none-eabi/lib/thumb/v7e-m+fp/hard\libc_nano.a(libc_a-mallocr.o)
                0x08002340                _malloc_r

.text.__malloc_lock
                0x08002438        0xc
 .text.__malloc_lock
                0x08002438        0xc C:/arm-gnu-toolchain-15.2.rel1-mingw-w64-i686-arm-none-eabi/bin/../lib/gcc/arm-none-eabi/15.2.1/../../../../arm-none-eabi/lib/thumb/v7e-m+fp/hard\libc_nano.a(libc_a-mlock.o)
                0x08002438                __malloc_lock

.text.__malloc_unlock
                0x08002444        0xc
 .text.__malloc_unlock
                0x08002444        0xc C:/arm-gnu-toolchain-15.2.rel1-mingw-w64-i686-arm-none-eabi/bin/../lib/gcc/arm-none-eabi/15.2.1/../../../../arm-none-eabi/lib/thumb/v7e-m+fp/hard\libc_nano.a(libc_a-mlock.o)
                0x08002444                __malloc_unlock

.text._Balloc   0x08002450       0x7c
 .text._Balloc  0x08002450       0x7c C:/arm-gnu-toolchain-15.2.rel1-mingw-w64-i686-arm-none-eabi/bin/../lib/gcc/arm-none-eabi/15.2.1/../../../../arm-none-eabi/lib/thumb/v7e-m+fp/hard\libc_nano.a(libc_a-mprec.o)
                0x08002450                _Balloc

.text._Bfree    0x080024cc       0x44
 .text._Bfree   0x080024cc       0x44 C:/arm-gnu-toolchain-15.2.rel1-mingw-w64-i686-arm-none-eabi/bin/../lib/gcc/arm-none-eabi/15.2.1/../../../../arm-none-eabi/lib/thumb/v7e-m+fp/hard\libc_nano.a(libc_a-mprec.o)
                0x080024cc                _Bfree

.text.__multadd
                0x08002510       0x8c
 .text.__multadd
                0x08002510       0x8c C:/arm-gnu-toolchain-15.2.rel1-mingw-w64-i686-arm-none-eabi/bin/../lib/gcc/arm-none-eabi/15.2.1/../../../../arm-none-eabi/lib/thumb/v7e-m+fp/hard\libc_nano.a(libc_a-mprec.o)
                0x08002510                __multadd

.text.__s2b     0x0800259c       0x94
 .text.__s2b    0x0800259c       0x94 C:/arm-gnu-toolchain-15.2.rel1-mingw-w64-i686-arm-none-eabi/bin/../lib/gcc/arm-none-eabi/15.2.1/../../../../arm-none-eabi/lib/thumb/v7e-m+fp/hard\libc_nano.a(libc_a-mprec.o)
                0x0800259c                __s2b

.text.__hi0bits
                0x08002630       0x3c
 .text.__hi0bits
                0x08002630       0x3c C:/arm-gnu-toolchain-15.2.rel1-mingw-w64-i686-arm-none-eabi/bin/../lib/gcc/arm-none-eabi/15.2.1/../../../../arm-none-eabi/lib/thumb/v7e-m+fp/hard\libc_nano.a(libc_a-mprec.o)
                0x08002630                __hi0bits

.text.__lo0bits
                0x0800266c       0x5c
 .text.__lo0bits
                0x0800266c       0x5c C:/arm-gnu-toolchain-15.2.rel1-mingw-w64-i686-arm-none-eabi/bin/../lib/gcc/arm-none-eabi/15.2.1/../../../../arm-none-eabi/lib/thumb/v7e-m+fp/hard\libc_nano.a(libc_a-mprec.o)
                0x0800266c                __lo0bits

.text.__i2b     0x080026c8       0x2c
 .text.__i2b    0x080026c8       0x2c C:/arm-gnu-toolchain-15.2.rel1-mingw-w64-i686-arm-none-eabi/bin/../lib/gcc/arm-none-eabi/15.2.1/../../../../arm-none-eabi/lib/thumb/v7e-m+fp/hard\libc_nano.a(libc_a-mprec.o)
                0x080026c8                __i2b

.text.__multiply
                0x080026f4      0x16c
 .text.__multiply
                0x080026f4      0x16c C:/arm-gnu-toolchain-15.2.rel1-mingw-w64-i686-arm-none-eabi/bin/../lib/gcc/arm-none-eabi/15.2.1/../../../../arm-none-eabi/lib/thumb/v7e-m+fp/hard\libc_nano.a(libc_a-mprec.o)
                0x080026f4                __multiply

.text.__pow5mult
                0x08002860       0xb8
 .text.__pow5mult
                0x08002860       0xb8 C:/arm-gnu-toolchain-15.2.rel1-mingw-w64-i686-arm-none-eabi/bin/../lib/gcc/arm-none-eabi/15.2.1/../../../../arm-none-eabi/lib/thumb/v7e-m+fp/hard\libc_nano.a(libc_a-mprec.o)
                0x08002860                __pow5mult

.text.__lshift  0x08002918       0xe4
 .text.__lshift
                0x08002918       0xe4 C:/arm-gnu-toolchain-15.2.rel1-mingw-w64-i686-arm-none-eabi/bin/../lib/gcc/arm-none-eabi/15.2.1/../../../../arm-none-eabi/lib/thumb/v7e-m+fp/hard\libc_nano.a(libc_a-mprec.o)
                0x08002918                __lshift

.text.__mcmp    0x080029fc       0x36
 .text.__mcmp   0x080029fc       0x36 C:/arm-gnu-toolchain-15.2.rel1-mingw-w64-i686-arm-none-eabi/bin/../lib/gcc/arm-none-eabi/15.2.1/../../../../arm-none-eabi/lib/thumb/v7e-m+fp/hard\libc_nano.a(libc_a-mprec.o)
                0x080029fc                __mcmp

.text.__mdiff   0x08002a34      0x130
 .text.__mdiff  0x08002a34      0x130 C:/arm-gnu-toolchain-15.2.rel1-mingw-w64-i686-arm-none-eabi/bin/../lib/gcc/arm-none-eabi/15.2.1/../../../../arm-none-eabi/lib/thumb/v7e-m+fp/hard\libc_nano.a(libc_a-mprec.o)
                0x08002a34                __mdiff

.text.__ulp     0x08002b64       0x4c
 .text.__ulp    0x08002b64       0x4c C:/arm-gnu-toolchain-15.2.rel1-mingw-w64-i686-arm-none-eabi/bin/../lib/gcc/arm-none-eabi/15.2.1/../../../../arm-none-eabi/lib/thumb/v7e-m+fp/hard\libc_nano.a(libc_a-mprec.o)
                0x08002b64                __ulp

.text.__b2d     0x08002bb0       0x92
 .text.__b2d    0x08002bb0       0x92 C:/arm-gnu-toolchain-15.2.rel1-mingw-w64-i686-arm-none-eabi/bin/../lib/gcc/arm-none-eabi/15.2.1/../../../../arm-none-eabi/lib/thumb/v7e-m+fp/hard\libc_nano.a(libc_a-mprec.o)
                0x08002bb0                __b2d

.text.__d2b     0x08002c44       0xb0
 .text.__d2b    0x08002c44       0xb0 C:/arm-gnu-toolchain-15.2.rel1-mingw-w64-i686-arm-none-eabi/bin/../lib/gcc/arm-none-eabi/15.2.1/../../../../arm-none-eabi/lib/thumb/v7e-m+fp/hard\libc_nano.a(libc_a-mprec.o)
                0x08002c44                __d2b

.text.__ratio   0x08002cf4       0x62
 .text.__ratio  0x08002cf4       0x62 C:/arm-gnu-toolchain-15.2.rel1-mingw-w64-i686-arm-none-eabi/bin/../lib/gcc/arm-none-eabi/15.2.1/../../../../arm-none-eabi/lib/thumb/v7e-m+fp/hard\libc_nano.a(libc_a-mprec.o)
                0x08002cf4                __ratio

.text._mprec_log10
                0x08002d58       0x3c
 .text._mprec_log10
                0x08002d58       0x3c C:/arm-gnu-toolchain-15.2.rel1-mingw-w64-i686-arm-none-eabi/bin/../lib/gcc/arm-none-eabi/15.2.1/../../../../arm-none-eabi/lib/thumb/v7e-m+fp/hard\libc_nano.a(libc_a-mprec.o)
                0x08002d58                _mprec_log10

.text.__copybits
                0x08002d94       0x46
 .text.__copybits
                0x08002d94       0x46 C:/arm-gnu-toolchain-15.2.rel1-mingw-w64-i686-arm-none-eabi/bin/../lib/gcc/arm-none-eabi/15.2.1/../../../../arm-none-eabi/lib/thumb/v7e-m+fp/hard\libc_nano.a(libc_a-mprec.o)
                0x08002d94                __copybits

.text.__any_on  0x08002dda       0x42
 .text.__any_on
                0x08002dda       0x42 C:/arm-gnu-toolchain-15.2.rel1-mingw-w64-i686-arm-none-eabi/bin/../lib/gcc/arm-none-eabi/15.2.1/../../../../arm-none-eabi/lib/thumb/v7e-m+fp/hard\libc_nano.a(libc_a-mprec.o)
                0x08002dda                __any_on

.text._setlocale_r
                0x08002e1c       0x3c
 .text._setlocale_r
                0x08002e1c       0x3c C:/arm-gnu-toolchain-15.2.rel1-mingw-w64-i686-arm-none-eabi/bin/../lib/gcc/arm-none-eabi/15.2.1/../../../../arm-none-eabi/lib/thumb/v7e-m+fp/hard\libc_nano.a(libc_a-locale.o)
                0x08002e1c                _setlocale_r

.text.__locale_mb_cur_max
                0x08002e58        0xc
 .text.__locale_mb_cur_max
                0x08002e58        0xc C:/arm-gnu-toolchain-15.2.rel1-mingw-w64-i686-arm-none-eabi/bin/../lib/gcc/arm-none-eabi/15.2.1/../../../../arm-none-eabi/lib/thumb/v7e-m+fp/hard\libc_nano.a(libc_a-locale.o)
                0x08002e58                __locale_mb_cur_max

.text.setlocale
                0x08002e64       0x10
 .text.setlocale
                0x08002e64       0x10 C:/arm-gnu-toolchain-15.2.rel1-mingw-w64-i686-arm-none-eabi/bin/../lib/gcc/arm-none-eabi/15.2.1/../../../../arm-none-eabi/lib/thumb/v7e-m+fp/hard\libc_nano.a(libc_a-locale.o)
                0x08002e64                setlocale

.text._sbrk_r   0x08002e74       0x20
 .text._sbrk_r  0x08002e74       0x20 C:/arm-gnu-toolchain-15.2.rel1-mingw-w64-i686-arm-none-eabi/bin/../lib/gcc/arm-none-eabi/15.2.1/../../../../arm-none-eabi/lib/thumb/v7e-m+fp/hard\libc_nano.a(libc_a-sbrkr.o)
                0x08002e74                _sbrk_r

.text.__retarget_lock_init
                0x08002e94        0x2
 .text.__retarget_lock_init
                0x08002e94        0x2 C:/arm-gnu-toolchain-15.2.rel1-mingw-w64-i686-arm-none-eabi/bin/../lib/gcc/arm-none-eabi/15.2.1/../../../../arm-none-eabi/lib/thumb/v7e-m+fp/hard\libc_nano.a(libc_a-lock.o)
                0x08002e94                __retarget_lock_init

.text.__retarget_lock_init_recursive
                0x08002e96        0x2
 .text.__retarget_lock_init_recursive
                0x08002e96        0x2 C:/arm-gnu-toolchain-15.2.rel1-mingw-w64-i686-arm-none-eabi/bin/../lib/gcc/arm-none-eabi/15.2.1/../../../../arm-none-eabi/lib/thumb/v7e-m+fp/hard\libc_nano.a(libc_a-lock.o)
                0x08002e96                __retarget_lock_init_recursive

.text.__retarget_lock_close
                0x08002e98        0x2
 .text.__retarget_lock_close
                0x08002e98        0x2 C:/arm-gnu-toolchain-15.2.rel1-mingw-w64-i686-arm-none-eabi/bin/../lib/gcc/arm-none-eabi/15.2.1/../../../../arm-none-eabi/lib/thumb/v7e-m+fp/hard\libc_nano.a(libc_a-lock.o)
                0x08002e98                __retarget_lock_close

.text.__retarget_lock_close_recursive
                0x08002e9a        0x2
 .text.__retarget_lock_close_recursive
                0x08002e9a        0x2 C:/arm-gnu-toolchain-15.2.rel1-mingw-w64-i686-arm-none-eabi/bin/../lib/gcc/arm-none-eabi/15.2.1/../../../../arm-none-eabi/lib/thumb/v7e-m+fp/hard\libc_nano.a(libc_a-lock.o)
                0x08002e9a                __retarget_lock_close_recursive

.text.__retarget_lock_acquire
                0x08002e9c        0x2
 .text.__retarget_lock_acquire
                0x08002e9c        0x2 C:/arm-gnu-toolchain-15.2.rel1-mingw-w64-i686-arm-none-eabi/bin/../lib/gcc/arm-none-eabi/15.2.1/../../../../arm-none-eabi/lib/thumb/v7e-m+fp/hard\libc_nano.a(libc_a-lock.o)
                0x08002e9c                __retarget_lock_acquire

.text.__retarget_lock_acquire_recursive
                0x08002e9e        0x2
 .text.__retarget_lock_acquire_recursive
                0x08002e9e        0x2 C:/arm-gnu-toolchain-15.2.rel1-mingw-w64-i686-arm-none-eabi/bin/../lib/gcc/arm-none-eabi/15.2.1/../../../../arm-none-eabi/lib/thumb/v7e-m+fp/hard\libc_nano.a(libc_a-lock.o)
                0x08002e9e                __retarget_lock_acquire_recursive

.text.__retarget_lock_try_acquire
                0x08002ea0        0x4
 .text.__retarget_lock_try_acquire
                0x08002ea0        0x4 C:/arm-gnu-toolchain-15.2.rel1-mingw-w64-i686-arm-none-eabi/bin/../lib/gcc/arm-none-eabi/15.2.1/../../../../arm-none-eabi/lib/thumb/v7e-m+fp/hard\libc_nano.a(libc_a-lock.o)
                0x08002ea0                __retarget_lock_try_acquire

.text.__retarget_lock_try_acquire_recursive
                0x08002ea4        0x4
 .text.__retarget_lock_try_acquire_recursive
                0x08002ea4        0x4 C:/arm-gnu-toolchain-15.2.rel1-mingw-w64-i686-arm-none-eabi/bin/../lib/gcc/arm-none-eabi/15.2.1/../../../../arm-none-eabi/lib/thumb/v7e-m+fp/hard\libc_nano.a(libc_a-lock.o)
                0x08002ea4                __retarget_lock_try_acquire_recursive

.text.__retarget_lock_release
                0x08002ea8        0x2
 .text.__retarget_lock_release
                0x08002ea8        0x2 C:/arm-gnu-toolchain-15.2.rel1-mingw-w64-i686-arm-none-eabi/bin/../lib/gcc/arm-none-eabi/15.2.1/../../../../arm-none-eabi/lib/thumb/v7e-m+fp/hard\libc_nano.a(libc_a-lock.o)
                0x08002ea8                __retarget_lock_release

.text.__retarget_lock_release_recursive
                0x08002eaa        0x2
 .text.__retarget_lock_release_recursive
                0x08002eaa        0x2 C:/arm-gnu-toolchain-15.2.rel1-mingw-w64-i686-arm-none-eabi/bin/../lib/gcc/arm-none-eabi/15.2.1/../../../../arm-none-eabi/lib/thumb/v7e-m+fp/hard\libc_nano.a(libc_a-lock.o)
                0x08002eaa                __retarget_lock_release_recursive

.text.memcpy    0x08002eac       0x1c
 .text.memcpy   0x08002eac       0x1c C:/arm-gnu-toolchain-15.2.rel1-mingw-w64-i686-arm-none-eabi/bin/../lib/gcc/arm-none-eabi/15.2.1/../../../../arm-none-eabi/lib/thumb/v7e-m+fp/hard\libc_nano.a(libc_a-memcpy-stub.o)
                0x08002eac                memcpy

.text.__assert_func
                0x08002ec8       0x3c
 .text.__assert_func
                0x08002ec8       0x3c C:/arm-gnu-toolchain-15.2.rel1-mingw-w64-i686-arm-none-eabi/bin/../lib/gcc/arm-none-eabi/15.2.1/../../../../arm-none-eabi/lib/thumb/v7e-m+fp/hard\libc_nano.a(libc_a-assert.o)
                0x08002ec8                __assert_func

.text.__assert  0x08002f04        0xa
 .text.__assert
                0x08002f04        0xa C:/arm-gnu-toolchain-15.2.rel1-mingw-w64-i686-arm-none-eabi/bin/../lib/gcc/arm-none-eabi/15.2.1/../../../../arm-none-eabi/lib/thumb/v7e-m+fp/hard\libc_nano.a(libc_a-assert.o)
                0x08002f04                __assert

.text._calloc_r
                0x08002f0e       0x28
 .text._calloc_r
                0x08002f0e       0x28 C:/arm-gnu-toolchain-15.2.rel1-mingw-w64-i686-arm-none-eabi/bin/../lib/gcc/arm-none-eabi/15.2.1/../../../../arm-none-eabi/lib/thumb/v7e-m+fp/hard\libc_nano.a(libc_a-callocr.o)
                0x08002f0e                _calloc_r

.text._free_r   0x08002f38       0x98
 .text._free_r  0x08002f38       0x98 C:/arm-gnu-toolchain-15.2.rel1-mingw-w64-i686-arm-none-eabi/bin/../lib/gcc/arm-none-eabi/15.2.1/../../../../arm-none-eabi/lib/thumb/v7e-m+fp/hard\libc_nano.a(libc_a-freer.o)
                0x08002f38                _free_r

.text._mbtowc_r
                0x08002fd0       0x10
 .text._mbtowc_r
                0x08002fd0       0x10 C:/arm-gnu-toolchain-15.2.rel1-mingw-w64-i686-arm-none-eabi/bin/../lib/gcc/arm-none-eabi/15.2.1/../../../../arm-none-eabi/lib/thumb/v7e-m+fp/hard\libc_nano.a(libc_a-mbtowc_r.o)
                0x08002fd0                _mbtowc_r

.text.__ascii_mbtowc
                0x08002fe0       0x24
 .text.__ascii_mbtowc
                0x08002fe0       0x24 C:/arm-gnu-toolchain-15.2.rel1-mingw-w64-i686-arm-none-eabi/bin/../lib/gcc/arm-none-eabi/15.2.1/../../../../arm-none-eabi/lib/thumb/v7e-m+fp/hard\libc_nano.a(libc_a-mbtowc_r.o)
                0x08002fe0                __ascii_mbtowc

.text._wctomb_r
                0x08003004       0x10
 .text._wctomb_r
                0x08003004       0x10 C:/arm-gnu-toolchain-15.2.rel1-mingw-w64-i686-arm-none-eabi/bin/../lib/gcc/arm-none-eabi/15.2.1/../../../../arm-none-eabi/lib/thumb/v7e-m+fp/hard\libc_nano.a(libc_a-wctomb_r.o)
                0x08003004                _wctomb_r

.text.__ascii_wctomb
                0x08003014       0x1a
 .text.__ascii_wctomb
                0x08003014       0x1a C:/arm-gnu-toolchain-15.2.rel1-mingw-w64-i686-arm-none-eabi/bin/../lib/gcc/arm-none-eabi/15.2.1/../../../../arm-none-eabi/lib/thumb/v7e-m+fp/hard\libc_nano.a(libc_a-wctomb_r.o)
                0x08003014                __ascii_wctomb

.text._fprintf_r
                0x0800302e       0x1a
 .text._fprintf_r
                0x0800302e       0x1a C:/arm-gnu-toolchain-15.2.rel1-mingw-w64-i686-arm-none-eabi/bin/../lib/gcc/arm-none-eabi/15.2.1/../../../../arm-none-eabi/lib/thumb/v7e-m+fp/hard\libc_nano.a(libc_a-fprintf.o)
                0x0800302e                _fiprintf_r
                0x0800302e                _fprintf_r

.text.fprintf   0x08003048       0x24
 .text.fprintf  0x08003048       0x24 C:/arm-gnu-toolchain-15.2.rel1-mingw-w64-i686-arm-none-eabi/bin/../lib/gcc/arm-none-eabi/15.2.1/../../../../arm-none-eabi/lib/thumb/v7e-m+fp/hard\libc_nano.a(libc_a-fprintf.o)
                0x08003048                fiprintf
                0x08003048                fprintf

.text.memset    0x0800306c       0x10
 .text.memset   0x0800306c       0x10 C:/arm-gnu-toolchain-15.2.rel1-mingw-w64-i686-arm-none-eabi/bin/../lib/gcc/arm-none-eabi/15.2.1/../../../../arm-none-eabi/lib/thumb/v7e-m+fp/hard\libc_nano.a(libc_a-memset.o)
                0x0800306c                memset

.text._reclaim_reent
                0x0800307c       0xbc
 .text._reclaim_reent
                0x0800307c       0xbc C:/arm-gnu-toolchain-15.2.rel1-mingw-w64-i686-arm-none-eabi/bin/../lib/gcc/arm-none-eabi/15.2.1/../../../../arm-none-eabi/lib/thumb/v7e-m+fp/hard\libc_nano.a(libc_a-reent.o)
                0x0800307c                _reclaim_reent

.text.abort     0x08003138        0xe
 .text.abort    0x08003138        0xe C:/arm-gnu-toolchain-15.2.rel1-mingw-w64-i686-arm-none-eabi/bin/../lib/gcc/arm-none-eabi/15.2.1/../../../../arm-none-eabi/lib/thumb/v7e-m+fp/hard\libc_nano.a(libc_a-abort.o)
                0x08003138                abort

.text.__sfputc_r
                0x08003146       0x2a
 .text.__sfputc_r
                0x08003146       0x2a C:/arm-gnu-toolchain-15.2.rel1-mingw-w64-i686-arm-none-eabi/bin/../lib/gcc/arm-none-eabi/15.2.1/../../../../arm-none-eabi/lib/thumb/v7e-m+fp/hard\libc_nano.a(libc_a-nano-vfprintf.o)

.text.__sfputs_r
                0x08003170       0x24
 .text.__sfputs_r
                0x08003170       0x24 C:/arm-gnu-toolchain-15.2.rel1-mingw-w64-i686-arm-none-eabi/bin/../lib/gcc/arm-none-eabi/15.2.1/../../../../arm-none-eabi/lib/thumb/v7e-m+fp/hard\libc_nano.a(libc_a-nano-vfprintf.o)
                0x08003170                __sfputs_r

.text.__sprint_r
                0x08003194       0x1a
 .text.__sprint_r
                0x08003194       0x1a C:/arm-gnu-toolchain-15.2.rel1-mingw-w64-i686-arm-none-eabi/bin/../lib/gcc/arm-none-eabi/15.2.1/../../../../arm-none-eabi/lib/thumb/v7e-m+fp/hard\libc_nano.a(libc_a-nano-vfprintf.o)
                0x08003194                __sprint_r

.text._vfprintf_r
                0x080031b0      0x228
 .text._vfprintf_r
                0x080031b0      0x228 C:/arm-gnu-toolchain-15.2.rel1-mingw-w64-i686-arm-none-eabi/bin/../lib/gcc/arm-none-eabi/15.2.1/../../../../arm-none-eabi/lib/thumb/v7e-m+fp/hard\libc_nano.a(libc_a-nano-vfprintf.o)
                0x080031b0                _vfprintf_r
                0x080031b0                _vfiprintf_r

.text.vfprintf  0x080033d8       0x14
 .text.vfprintf
                0x080033d8       0x14 C:/arm-gnu-toolchain-15.2.rel1-mingw-w64-i686-arm-none-eabi/bin/../lib/gcc/arm-none-eabi/15.2.1/../../../../arm-none-eabi/lib/thumb/v7e-m+fp/hard\libc_nano.a(libc_a-nano-vfprintf.o)
                0x080033d8                vfprintf
                0x080033d8                vfiprintf

.text.std       0x080033ec       0x6c
 .text.std      0x080033ec       0x6c C:/arm-gnu-toolchain-15.2.rel1-mingw-w64-i686-arm-none-eabi/bin/../lib/gcc/arm-none-eabi/15.2.1/../../../../arm-none-eabi/lib/thumb/v7e-m+fp/hard\libc_nano.a(libc_a-findfp.o)

.text.stdio_exit_handler
                0x08003458       0x18
 .text.stdio_exit_handler
                0x08003458       0x18 C:/arm-gnu-toolchain-15.2.rel1-mingw-w64-i686-arm-none-eabi/bin/../lib/gcc/arm-none-eabi/15.2.1/../../../../arm-none-eabi/lib/thumb/v7e-m+fp/hard\libc_nano.a(libc_a-findfp.o)

.text.cleanup_stdio
                0x08003470       0x40
 .text.cleanup_stdio
                0x08003470       0x40 C:/arm-gnu-toolchain-15.2.rel1-mingw-w64-i686-arm-none-eabi/bin/../lib/gcc/arm-none-eabi/15.2.1/../../../../arm-none-eabi/lib/thumb/v7e-m+fp/hard\libc_nano.a(libc_a-findfp.o)

.text.__fp_lock
                0x080034b0       0x18
 .text.__fp_lock
                0x080034b0       0x18 C:/arm-gnu-toolchain-15.2.rel1-mingw-w64-i686-arm-none-eabi/bin/../lib/gcc/arm-none-eabi/15.2.1/../../../../arm-none-eabi/lib/thumb/v7e-m+fp/hard\libc_nano.a(libc_a-findfp.o)

.text.__fp_unlock
                0x080034c8       0x18
 .text.__fp_unlock
                0x080034c8       0x18 C:/arm-gnu-toolchain-15.2.rel1-mingw-w64-i686-arm-none-eabi/bin/../lib/gcc/arm-none-eabi/15.2.1/../../../../arm-none-eabi/lib/thumb/v7e-m+fp/hard\libc_nano.a(libc_a-findfp.o)

.text.global_stdio_init.part.0
                0x080034e0       0x40
 .text.global_stdio_init.part.0
                0x080034e0       0x40 C:/arm-gnu-toolchain-15.2.rel1-mingw-w64-i686-arm-none-eabi/bin/../lib/gcc/arm-none-eabi/15.2.1/../../../../arm-none-eabi/lib/thumb/v7e-m+fp/hard\libc_nano.a(libc_a-findfp.o)

.text.__sfp_lock_acquire
                0x08003520        0xc
 .text.__sfp_lock_acquire
                0x08003520        0xc C:/arm-gnu-toolchain-15.2.rel1-mingw-w64-i686-arm-none-eabi/bin/../lib/gcc/arm-none-eabi/15.2.1/../../../../arm-none-eabi/lib/thumb/v7e-m+fp/hard\libc_nano.a(libc_a-findfp.o)
                0x08003520                __sfp_lock_acquire

.text.__sfp_lock_release
                0x0800352c        0xc
 .text.__sfp_lock_release
                0x0800352c        0xc C:/arm-gnu-toolchain-15.2.rel1-mingw-w64-i686-arm-none-eabi/bin/../lib/gcc/arm-none-eabi/15.2.1/../../../../arm-none-eabi/lib/thumb/v7e-m+fp/hard\libc_nano.a(libc_a-findfp.o)
                0x0800352c                __sfp_lock_release

.text.__sfp     0x08003538       0xa4
 .text.__sfp    0x08003538       0xa4 C:/arm-gnu-toolchain-15.2.rel1-mingw-w64-i686-arm-none-eabi/bin/../lib/gcc/arm-none-eabi/15.2.1/../../../../arm-none-eabi/lib/thumb/v7e-m+fp/hard\libc_nano.a(libc_a-findfp.o)
                0x08003538                __sfp

.text.__sinit   0x080035dc       0x30
 .text.__sinit  0x080035dc       0x30 C:/arm-gnu-toolchain-15.2.rel1-mingw-w64-i686-arm-none-eabi/bin/../lib/gcc/arm-none-eabi/15.2.1/../../../../arm-none-eabi/lib/thumb/v7e-m+fp/hard\libc_nano.a(libc_a-findfp.o)
                0x080035dc                __sinit

.text.__fp_lock_all
                0x0800360c       0x1c
 .text.__fp_lock_all
                0x0800360c       0x1c C:/arm-gnu-toolchain-15.2.rel1-mingw-w64-i686-arm-none-eabi/bin/../lib/gcc/arm-none-eabi/15.2.1/../../../../arm-none-eabi/lib/thumb/v7e-m+fp/hard\libc_nano.a(libc_a-findfp.o)
                0x0800360c                __fp_lock_all

.text.__fp_unlock_all
                0x08003628       0x1c
 .text.__fp_unlock_all
                0x08003628       0x1c C:/arm-gnu-toolchain-15.2.rel1-mingw-w64-i686-arm-none-eabi/bin/../lib/gcc/arm-none-eabi/15.2.1/../../../../arm-none-eabi/lib/thumb/v7e-m+fp/hard\libc_nano.a(libc_a-findfp.o)
                0x08003628                __fp_unlock_all

.text.__sfvwrite_r
                0x08003644      0x2a0
 .text.__sfvwrite_r
                0x08003644      0x2a0 C:/arm-gnu-toolchain-15.2.rel1-mingw-w64-i686-arm-none-eabi/bin/../lib/gcc/arm-none-eabi/15.2.1/../../../../arm-none-eabi/lib/thumb/v7e-m+fp/hard\libc_nano.a(libc_a-fvwrite.o)
                0x08003644                __sfvwrite_r

.text._fwalk_sglue
                0x080038e4       0x3a
 .text._fwalk_sglue
                0x080038e4       0x3a C:/arm-gnu-toolchain-15.2.rel1-mingw-w64-i686-arm-none-eabi/bin/../lib/gcc/arm-none-eabi/15.2.1/../../../../arm-none-eabi/lib/thumb/v7e-m+fp/hard\libc_nano.a(libc_a-fwalk.o)
                0x080038e4                _fwalk_sglue

.text.__sread   0x0800391e       0x22
 .text.__sread  0x0800391e       0x22 C:/arm-gnu-toolchain-15.2.rel1-mingw-w64-i686-arm-none-eabi/bin/../lib/gcc/arm-none-eabi/15.2.1/../../../../arm-none-eabi/lib/thumb/v7e-m+fp/hard\libc_nano.a(libc_a-stdio.o)
                0x0800391e                __sread

.text.__seofread
                0x08003940        0x4
 .text.__seofread
                0x08003940        0x4 C:/arm-gnu-toolchain-15.2.rel1-mingw-w64-i686-arm-none-eabi/bin/../lib/gcc/arm-none-eabi/15.2.1/../../../../arm-none-eabi/lib/thumb/v7e-m+fp/hard\libc_nano.a(libc_a-stdio.o)
                0x08003940                __seofread

.text.__swrite  0x08003944       0x38
 .text.__swrite
                0x08003944       0x38 C:/arm-gnu-toolchain-15.2.rel1-mingw-w64-i686-arm-none-eabi/bin/../lib/gcc/arm-none-eabi/15.2.1/../../../../arm-none-eabi/lib/thumb/v7e-m+fp/hard\libc_nano.a(libc_a-stdio.o)
                0x08003944                __swrite

.text.__sseek   0x0800397c       0x26
 .text.__sseek  0x0800397c       0x26 C:/arm-gnu-toolchain-15.2.rel1-mingw-w64-i686-arm-none-eabi/bin/../lib/gcc/arm-none-eabi/15.2.1/../../../../arm-none-eabi/lib/thumb/v7e-m+fp/hard\libc_nano.a(libc_a-stdio.o)
                0x0800397c                __sseek

.text.__sclose  0x080039a2        0x8
 .text.__sclose
                0x080039a2        0x8 C:/arm-gnu-toolchain-15.2.rel1-mingw-w64-i686-arm-none-eabi/bin/../lib/gcc/arm-none-eabi/15.2.1/../../../../arm-none-eabi/lib/thumb/v7e-m+fp/hard\libc_nano.a(libc_a-stdio.o)
                0x080039a2                __sclose

.text.__swbuf_r
                0x080039aa       0x7a
 .text.__swbuf_r
                0x080039aa       0x7a C:/arm-gnu-toolchain-15.2.rel1-mingw-w64-i686-arm-none-eabi/bin/../lib/gcc/arm-none-eabi/15.2.1/../../../../arm-none-eabi/lib/thumb/v7e-m+fp/hard\libc_nano.a(libc_a-wbuf.o)
                0x080039aa                __swbuf_r

.text.__swbuf   0x08003a24       0x10
 .text.__swbuf  0x08003a24       0x10 C:/arm-gnu-toolchain-15.2.rel1-mingw-w64-i686-arm-none-eabi/bin/../lib/gcc/arm-none-eabi/15.2.1/../../../../arm-none-eabi/lib/thumb/v7e-m+fp/hard\libc_nano.a(libc_a-wbuf.o)
                0x08003a24                __swbuf

.text.__swsetup_r
                0x08003a34       0xa8
 .text.__swsetup_r
                0x08003a34       0xa8 C:/arm-gnu-toolchain-15.2.rel1-mingw-w64-i686-arm-none-eabi/bin/../lib/gcc/arm-none-eabi/15.2.1/../../../../arm-none-eabi/lib/thumb/v7e-m+fp/hard\libc_nano.a(libc_a-wsetup.o)
                0x08003a34                __swsetup_r

.text.memmove   0x08003adc       0x32
 .text.memmove  0x08003adc       0x32 C:/arm-gnu-toolchain-15.2.rel1-mingw-w64-i686-arm-none-eabi/bin/../lib/gcc/arm-none-eabi/15.2.1/../../../../arm-none-eabi/lib/thumb/v7e-m+fp/hard\libc_nano.a(libc_a-memmove.o)
                0x08003adc                memmove

.text._init_signal_r
                0x08003b0e       0x28
 .text._init_signal_r
                0x08003b0e       0x28 C:/arm-gnu-toolchain-15.2.rel1-mingw-w64-i686-arm-none-eabi/bin/../lib/gcc/arm-none-eabi/15.2.1/../../../../arm-none-eabi/lib/thumb/v7e-m+fp/hard\libc_nano.a(libc_a-signal.o)
                0x08003b0e                _init_signal_r

.text._signal_r
                0x08003b36       0x30
 .text._signal_r
                0x08003b36       0x30 C:/arm-gnu-toolchain-15.2.rel1-mingw-w64-i686-arm-none-eabi/bin/../lib/gcc/arm-none-eabi/15.2.1/../../../../arm-none-eabi/lib/thumb/v7e-m+fp/hard\libc_nano.a(libc_a-signal.o)
                0x08003b36                _signal_r

.text._raise_r  0x08003b66       0x50
 .text._raise_r
                0x08003b66       0x50 C:/arm-gnu-toolchain-15.2.rel1-mingw-w64-i686-arm-none-eabi/bin/../lib/gcc/arm-none-eabi/15.2.1/../../../../arm-none-eabi/lib/thumb/v7e-m+fp/hard\libc_nano.a(libc_a-signal.o)
                0x08003b66                _raise_r

.text.__sigtramp_r
                0x08003bb6       0x48
 .text.__sigtramp_r
                0x08003bb6       0x48 C:/arm-gnu-toolchain-15.2.rel1-mingw-w64-i686-arm-none-eabi/bin/../lib/gcc/arm-none-eabi/15.2.1/../../../../arm-none-eabi/lib/thumb/v7e-m+fp/hard\libc_nano.a(libc_a-signal.o)
                0x08003bb6                __sigtramp_r

.text.raise     0x08003c00       0x10
 .text.raise    0x08003c00       0x10 C:/arm-gnu-toolchain-15.2.rel1-mingw-w64-i686-arm-none-eabi/bin/../lib/gcc/arm-none-eabi/15.2.1/../../../../arm-none-eabi/lib/thumb/v7e-m+fp/hard\libc_nano.a(libc_a-signal.o)
                0x08003c00                raise

.text.signal    0x08003c10       0x10
 .text.signal   0x08003c10       0x10 C:/arm-gnu-toolchain-15.2.rel1-mingw-w64-i686-arm-none-eabi/bin/../lib/gcc/arm-none-eabi/15.2.1/../../../../arm-none-eabi/lib/thumb/v7e-m+fp/hard\libc_nano.a(libc_a-signal.o)
                0x08003c10                signal

.text._init_signal
                0x08003c20        0xc
 .text._init_signal
                0x08003c20        0xc C:/arm-gnu-toolchain-15.2.rel1-mingw-w64-i686-arm-none-eabi/bin/../lib/gcc/arm-none-eabi/15.2.1/../../../../arm-none-eabi/lib/thumb/v7e-m+fp/hard\libc_nano.a(libc_a-signal.o)
                0x08003c20                _init_signal

.text.__sigtramp
                0x08003c2c       0x10
 .text.__sigtramp
                0x08003c2c       0x10 C:/arm-gnu-toolchain-15.2.rel1-mingw-w64-i686-arm-none-eabi/bin/../lib/gcc/arm-none-eabi/15.2.1/../../../../arm-none-eabi/lib/thumb/v7e-m+fp/hard\libc_nano.a(libc_a-signal.o)
                0x08003c2c                __sigtramp

.text._close_r  0x08003c3c       0x20
 .text._close_r
                0x08003c3c       0x20 C:/arm-gnu-toolchain-15.2.rel1-mingw-w64-i686-arm-none-eabi/bin/../lib/gcc/arm-none-eabi/15.2.1/../../../../arm-none-eabi/lib/thumb/v7e-m+fp/hard\libc_nano.a(libc_a-closer.o)
                0x08003c3c                _close_r

.text._lseek_r  0x08003c5c       0x24
 .text._lseek_r
                0x08003c5c       0x24 C:/arm-gnu-toolchain-15.2.rel1-mingw-w64-i686-arm-none-eabi/bin/../lib/gcc/arm-none-eabi/15.2.1/../../../../arm-none-eabi/lib/thumb/v7e-m+fp/hard\libc_nano.a(libc_a-lseekr.o)
                0x08003c5c                _lseek_r

.text._read_r   0x08003c80       0x24
 .text._read_r  0x08003c80       0x24 C:/arm-gnu-toolchain-15.2.rel1-mingw-w64-i686-arm-none-eabi/bin/../lib/gcc/arm-none-eabi/15.2.1/../../../../arm-none-eabi/lib/thumb/v7e-m+fp/hard\libc_nano.a(libc_a-readr.o)
                0x08003c80                _read_r

.text._kill_r   0x08003ca4       0x24
 .text._kill_r  0x08003ca4       0x24 C:/arm-gnu-toolchain-15.2.rel1-mingw-w64-i686-arm-none-eabi/bin/../lib/gcc/arm-none-eabi/15.2.1/../../../../arm-none-eabi/lib/thumb/v7e-m+fp/hard\libc_nano.a(libc_a-signalr.o)
                0x08003ca4                _kill_r

.text._getpid_r
                0x08003cc8        0x4
 .text._getpid_r
                0x08003cc8        0x4 C:/arm-gnu-toolchain-15.2.rel1-mingw-w64-i686-arm-none-eabi/bin/../lib/gcc/arm-none-eabi/15.2.1/../../../../arm-none-eabi/lib/thumb/v7e-m+fp/hard\libc_nano.a(libc_a-signalr.o)
                0x08003cc8                _getpid_r

.text._write_r  0x08003ccc       0x24
 .text._write_r
                0x08003ccc       0x24 C:/arm-gnu-toolchain-15.2.rel1-mingw-w64-i686-arm-none-eabi/bin/../lib/gcc/arm-none-eabi/15.2.1/../../../../arm-none-eabi/lib/thumb/v7e-m+fp/hard\libc_nano.a(libc_a-writer.o)
                0x08003ccc                _write_r

.text._realloc_r
                0x08003cf0       0x5c
 .text._realloc_r
                0x08003cf0       0x5c C:/arm-gnu-toolchain-15.2.rel1-mingw-w64-i686-arm-none-eabi/bin/../lib/gcc/arm-none-eabi/15.2.1/../../../../arm-none-eabi/lib/thumb/v7e-m+fp/hard\libc_nano.a(libc_a-reallocr.o)
                0x08003cf0                _realloc_r

.text.__sflush_r
                0x08003d4c      0x100
 .text.__sflush_r
                0x08003d4c      0x100 C:/arm-gnu-toolchain-15.2.rel1-mingw-w64-i686-arm-none-eabi/bin/../lib/gcc/arm-none-eabi/15.2.1/../../../../arm-none-eabi/lib/thumb/v7e-m+fp/hard\libc_nano.a(libc_a-fflush.o)
                0x08003d4c                __sflush_r

.text._fflush_r
                0x08003e4c       0x50
 .text._fflush_r
                0x08003e4c       0x50 C:/arm-gnu-toolchain-15.2.rel1-mingw-w64-i686-arm-none-eabi/bin/../lib/gcc/arm-none-eabi/15.2.1/../../../../arm-none-eabi/lib/thumb/v7e-m+fp/hard\libc_nano.a(libc_a-fflush.o)
                0x08003e4c                _fflush_r

.text.fflush    0x08003e9c       0x28
 .text.fflush   0x08003e9c       0x28 C:/arm-gnu-toolchain-15.2.rel1-mingw-w64-i686-arm-none-eabi/bin/../lib/gcc/arm-none-eabi/15.2.1/../../../../arm-none-eabi/lib/thumb/v7e-m+fp/hard\libc_nano.a(libc_a-fflush.o)
                0x08003e9c                fflush

.text.__swhatbuf_r
                0x08003ec4       0x48
 .text.__swhatbuf_r
                0x08003ec4       0x48 C:/arm-gnu-toolchain-15.2.rel1-mingw-w64-i686-arm-none-eabi/bin/../lib/gcc/arm-none-eabi/15.2.1/../../../../arm-none-eabi/lib/thumb/v7e-m+fp/hard\libc_nano.a(libc_a-makebuf.o)
                0x08003ec4                __swhatbuf_r

.text.__smakebuf_r
                0x08003f0c       0x72
 .text.__smakebuf_r
                0x08003f0c       0x72 C:/arm-gnu-toolchain-15.2.rel1-mingw-w64-i686-arm-none-eabi/bin/../lib/gcc/arm-none-eabi/15.2.1/../../../../arm-none-eabi/lib/thumb/v7e-m+fp/hard\libc_nano.a(libc_a-makebuf.o)
                0x08003f0c                __smakebuf_r

.text._fstat_r  0x08003f80       0x24
 .text._fstat_r
                0x08003f80       0x24 C:/arm-gnu-toolchain-15.2.rel1-mingw-w64-i686-arm-none-eabi/bin/../lib/gcc/arm-none-eabi/15.2.1/../../../../arm-none-eabi/lib/thumb/v7e-m+fp/hard\libc_nano.a(libc_a-fstatr.o)
                0x08003f80                _fstat_r

.text._isatty_r
                0x08003fa4       0x20
 .text._isatty_r
                0x08003fa4       0x20 C:/arm-gnu-toolchain-15.2.rel1-mingw-w64-i686-arm-none-eabi/bin/../lib/gcc/arm-none-eabi/15.2.1/../../../../arm-none-eabi/lib/thumb/v7e-m+fp/hard\libc_nano.a(libc_a-isattyr.o)
                0x08003fa4                _isatty_r

.text._malloc_usable_size_r
                0x08003fc4       0x10
 .text._malloc_usable_size_r
                0x08003fc4       0x10 C:/arm-gnu-toolchain-15.2.rel1-mingw-w64-i686-arm-none-eabi/bin/../lib/gcc/arm-none-eabi/15.2.1/../../../../arm-none-eabi/lib/thumb/v7e-m+fp/hard\libc_nano.a(libc_a-msizer.o)
                0x08003fc4                _malloc_usable_size_r

.text._exit     0x08003fd4        0x4
 .text._exit    0x08003fd4        0x4 C:/arm-gnu-toolchain-15.2.rel1-mingw-w64-i686-arm-none-eabi/bin/../lib/gcc/arm-none-eabi/15.2.1/../../../../arm-none-eabi/lib/thumb/v7e-m+fp/hard\libnosys.a(_exit.o)
                0x08003fd4                _exit

.ARM.extab      0x08003fd8        0x0
 *(.ARM.extab* .gnu.linkonce.armextab.*)
 .ARM.extab     0x08003fd8        0x0 C:/arm-gnu-toolchain-15.2.rel1-mingw-w64-i686-arm-none-eabi/bin/../lib/gcc/arm-none-eabi/15.2.1/../../../../arm-none-eabi/lib/thumb/v7e-m+fp/hard\libc_nano.a(libc_a-memchr.o)
 .ARM.extab     0x08003fd8        0x0 C:/arm-gnu-toolchain-15.2.rel1-mingw-w64-i686-arm-none-eabi/bin/../lib/gcc/arm-none-eabi/15.2.1/../../../../arm-none-eabi/lib/thumb/v7e-m+fp/hard\libc_nano.a(libc_a-strlen.o)
 .ARM.extab     0x08003fd8        0x0 C:/arm-gnu-toolchain-15.2.rel1-mingw-w64-i686-arm-none-eabi/bin/../lib/gcc/arm-none-eabi/15.2.1/../../../../arm-none-eabi/lib/thumb/v7e-m+fp/hard\libc_nano.a(libc_a-strcmp.o)
                0x08003fd8                        . = ALIGN (0x4)

.ARM.exidx      0x08003fd8        0x8
 *(.ARM.exidx* .gnu.linkonce.armexidx.*)
 .ARM.exidx     0x08003fd8        0x8 C:/arm-gnu-toolchain-15.2.rel1-mingw-w64-i686-arm-none-eabi/bin/../lib/gcc/arm-none-eabi/15.2.1/../../../../arm-none-eabi/lib/thumb/v7e-m+fp/hard\libc_nano.a(libc_a-memchr.o)
 .ARM.exidx     0x08003fe0        0x0 C:/arm-gnu-toolchain-15.2.rel1-mingw-w64-i686-arm-none-eabi/bin/../lib/gcc/arm-none-eabi/15.2.1/../../../../arm-none-eabi/lib/thumb/v7e-m+fp/hard\libc_nano.a(libc_a-strlen.o)
                                  0x8 (size before relaxing)
 .ARM.exidx     0x08003fe0        0x0 C:/arm-gnu-toolchain-15.2.rel1-mingw-w64-i686-arm-none-eabi/bin/../lib/gcc/arm-none-eabi/15.2.1/../../../../arm-none-eabi/lib/thumb/v7e-m+fp/hard\libc_nano.a(libc_a-strcmp.o)
                                  0x8 (size before relaxing)
                0x08003fe0                        . = ALIGN (0x4)

.rodata         0x08003fe0      0x3a0
 *(.rodata)
 *(.rodata.*)
 .rodata._printf_float.str1.1
                0x08003fe0      0x173 C:/arm-gnu-toolchain-15.2.rel1-mingw-w64-i686-arm-none-eabi/bin/../lib/gcc/arm-none-eabi/15.2.1/../../../../arm-none-eabi/lib/thumb/v7e-m+fp/hard\libc_nano.a(libc_a-nano-vfprintf_float.o)
                                 0x12 (size before relaxing)
 .rodata._printf_i.str1.1
                0x08004153        0x0 C:/arm-gnu-toolchain-15.2.rel1-mingw-w64-i686-arm-none-eabi/bin/../lib/gcc/arm-none-eabi/15.2.1/../../../../arm-none-eabi/lib/thumb/v7e-m+fp/hard\libc_nano.a(libc_a-nano-vfprintf_i.o)
                                 0x22 (size before relaxing)
 .rodata._dtoa_r.str1.1
                0x08004153        0x0 C:/arm-gnu-toolchain-15.2.rel1-mingw-w64-i686-arm-none-eabi/bin/../lib/gcc/arm-none-eabi/15.2.1/../../../../arm-none-eabi/lib/thumb/v7e-m+fp/hard\libc_nano.a(libc_a-dtoa.o)
                                 0x90 (size before relaxing)
 .rodata._Balloc.str1.1
                0x08004153        0x0 C:/arm-gnu-toolchain-15.2.rel1-mingw-w64-i686-arm-none-eabi/bin/../lib/gcc/arm-none-eabi/15.2.1/../../../../arm-none-eabi/lib/thumb/v7e-m+fp/hard\libc_nano.a(libc_a-mprec.o)
                                 0x71 (size before relaxing)
 .rodata.__multadd.str1.1
                0x08004153        0x0 C:/arm-gnu-toolchain-15.2.rel1-mingw-w64-i686-arm-none-eabi/bin/../lib/gcc/arm-none-eabi/15.2.1/../../../../arm-none-eabi/lib/thumb/v7e-m+fp/hard\libc_nano.a(libc_a-mprec.o)
                                 0x11 (size before relaxing)
 *fill*         0x08004153        0x1 
 .rodata.p05.0  0x08004154        0xc C:/arm-gnu-toolchain-15.2.rel1-mingw-w64-i686-arm-none-eabi/bin/../lib/gcc/arm-none-eabi/15.2.1/../../../../arm-none-eabi/lib/thumb/v7e-m+fp/hard\libc_nano.a(libc_a-mprec.o)
 .rodata.__mprec_tinytens
                0x08004160       0x28 C:/arm-gnu-toolchain-15.2.rel1-mingw-w64-i686-arm-none-eabi/bin/../lib/gcc/arm-none-eabi/15.2.1/../../../../arm-none-eabi/lib/thumb/v7e-m+fp/hard\libc_nano.a(libc_a-mprec.o)
                0x08004160                __mprec_tinytens
 .rodata.__mprec_bigtens
                0x08004188       0x28 C:/arm-gnu-toolchain-15.2.rel1-mingw-w64-i686-arm-none-eabi/bin/../lib/gcc/arm-none-eabi/15.2.1/../../../../arm-none-eabi/lib/thumb/v7e-m+fp/hard\libc_nano.a(libc_a-mprec.o)
                0x08004188                __mprec_bigtens
 .rodata.__mprec_tens
                0x080041b0       0xc8 C:/arm-gnu-toolchain-15.2.rel1-mingw-w64-i686-arm-none-eabi/bin/../lib/gcc/arm-none-eabi/15.2.1/../../../../arm-none-eabi/lib/thumb/v7e-m+fp/hard\libc_nano.a(libc_a-mprec.o)
                0x080041b0                __mprec_tens
 .rodata._setlocale_r.str1.1
                0x08004278        0x0 C:/arm-gnu-toolchain-15.2.rel1-mingw-w64-i686-arm-none-eabi/bin/../lib/gcc/arm-none-eabi/15.2.1/../../../../arm-none-eabi/lib/thumb/v7e-m+fp/hard\libc_nano.a(libc_a-locale.o)
                                  0x9 (size before relaxing)
 .rodata.str1.1
                0x08004278        0x0 C:/arm-gnu-toolchain-15.2.rel1-mingw-w64-i686-arm-none-eabi/bin/../lib/gcc/arm-none-eabi/15.2.1/../../../../arm-none-eabi/lib/thumb/v7e-m+fp/hard\libc_nano.a(libc_a-locale.o)
                                  0x2 (size before relaxing)
 .rodata.__assert_func.str1.1
                0x08004278        0x0 C:/arm-gnu-toolchain-15.2.rel1-mingw-w64-i686-arm-none-eabi/bin/../lib/gcc/arm-none-eabi/15.2.1/../../../../arm-none-eabi/lib/thumb/v7e-m+fp/hard\libc_nano.a(libc_a-assert.o)
                                 0x3d (size before relaxing)
 .rodata._ctype_
                0x08004278      0x101 C:/arm-gnu-toolchain-15.2.rel1-mingw-w64-i686-arm-none-eabi/bin/../lib/gcc/arm-none-eabi/15.2.1/../../../../arm-none-eabi/lib/thumb/v7e-m+fp/hard\libc_nano.a(libc_a-ctype_.o)
                0x08004278                _ctype_
 .rodata._vfprintf_r.str1.1
                0x08004379        0x0 C:/arm-gnu-toolchain-15.2.rel1-mingw-w64-i686-arm-none-eabi/bin/../lib/gcc/arm-none-eabi/15.2.1/../../../../arm-none-eabi/lib/thumb/v7e-m+fp/hard\libc_nano.a(libc_a-nano-vfprintf.o)
                                 0x11 (size before relaxing)
                0x08004380                        . = ALIGN (0x8)
 *fill*         0x08004379        0x7 
                0x08004380                        __RO_LIMIT__ = .

.rel.dyn        0x08004380        0x0
 .rel.iplt      0x08004380        0x0 runtime.o

.data           0x20000000      0x1c8 load address 0x08004380
                0x20000000                        __RW_BASE__ = .
 *(.data)
 .data          0x20000000        0x0 main.o
 .data          0x20000000        0x0 runtime.o
 .data          0x20000000        0x0 crt0.o
 .data          0x20000000        0x0 C:/arm-gnu-toolchain-15.2.rel1-mingw-w64-i686-arm-none-eabi/bin/../lib/gcc/arm-none-eabi/15.2.1/../../../../arm-none-eabi/lib/thumb/v7e-m+fp/hard\libc_nano.a(libc_a-nano-vfprintf_float.o)
 .data          0x20000000        0x0 C:/arm-gnu-toolchain-15.2.rel1-mingw-w64-i686-arm-none-eabi/bin/../lib/gcc/arm-none-eabi/15.2.1/../../../../arm-none-eabi/lib/thumb/v7e-m+fp/hard\libc_nano.a(libc_a-nano-vfprintf_i.o)
 .data          0x20000000        0x0 C:/arm-gnu-toolchain-15.2.rel1-mingw-w64-i686-arm-none-eabi/bin/../lib/gcc/arm-none-eabi/15.2.1/../../../../arm-none-eabi/lib/thumb/v7e-m+fp/hard\libc_nano.a(libc_a-localeconv.o)
 .data          0x20000000        0x0 C:/arm-gnu-toolchain-15.2.rel1-mingw-w64-i686-arm-none-eabi/bin/../lib/gcc/arm-none-eabi/15.2.1/../../../../arm-none-eabi/lib/thumb/v7e-m+fp/hard\libc_nano.a(libc_a-errno.o)
 .data          0x20000000        0x0 C:/arm-gnu-toolchain-15.2.rel1-mingw-w64-i686-arm-none-eabi/bin/../lib/gcc/arm-none-eabi/15.2.1/../../../../arm-none-eabi/lib/thumb/v7e-m+fp/hard\libc_nano.a(libc_a-memchr.o)
 .data          0x20000000        0x0 C:/arm-gnu-toolchain-15.2.rel1-mingw-w64-i686-arm-none-eabi/bin/../lib/gcc/arm-none-eabi/15.2.1/../../../../arm-none-eabi/lib/thumb/v7e-m+fp/hard\libc_nano.a(libc_a-strlen.o)
 .data          0x20000000        0x0 C:/arm-gnu-toolchain-15.2.rel1-mingw-w64-i686-arm-none-eabi/bin/../lib/gcc/arm-none-eabi/15.2.1/../../../../arm-none-eabi/lib/thumb/v7e-m+fp/hard\libc_nano.a(libc_a-dtoa.o)
 .data          0x20000000        0x0 C:/arm-gnu-toolchain-15.2.rel1-mingw-w64-i686-arm-none-eabi/bin/../lib/gcc/arm-none-eabi/15.2.1/../../../../arm-none-eabi/lib/thumb/v7e-m+fp/hard\libc_nano.a(libc_a-malloc.o)
 .data          0x20000000        0x0 C:/arm-gnu-toolchain-15.2.rel1-mingw-w64-i686-arm-none-eabi/bin/../lib/gcc/arm-none-eabi/15.2.1/../../../../arm-none-eabi/lib/thumb/v7e-m+fp/hard\libc_nano.a(libc_a-mallocr.o)
 .data          0x20000000        0x0 C:/arm-gnu-toolchain-15.2.rel1-mingw-w64-i686-arm-none-eabi/bin/../lib/gcc/arm-none-eabi/15.2.1/../../../../arm-none-eabi/lib/thumb/v7e-m+fp/hard\libc_nano.a(libc_a-mlock.o)
 .data          0x20000000        0x0 C:/arm-gnu-toolchain-15.2.rel1-mingw-w64-i686-arm-none-eabi/bin/../lib/gcc/arm-none-eabi/15.2.1/../../../../arm-none-eabi/lib/thumb/v7e-m+fp/hard\libc_nano.a(libc_a-mprec.o)
 .data          0x20000000        0x0 C:/arm-gnu-toolchain-15.2.rel1-mingw-w64-i686-arm-none-eabi/bin/../lib/gcc/arm-none-eabi/15.2.1/../../../../arm-none-eabi/lib/thumb/v7e-m+fp/hard\libc_nano.a(libc_a-locale.o)
 .data          0x20000000        0x0 C:/arm-gnu-toolchain-15.2.rel1-mingw-w64-i686-arm-none-eabi/bin/../lib/gcc/arm-none-eabi/15.2.1/../../../../arm-none-eabi/lib/thumb/v7e-m+fp/hard\libc_nano.a(libc_a-impure.o)
 .data          0x20000000        0x0 C:/arm-gnu-toolchain-15.2.rel1-mingw-w64-i686-arm-none-eabi/bin/../lib/gcc/arm-none-eabi/15.2.1/../../../../arm-none-eabi/lib/thumb/v7e-m+fp/hard\libc_nano.a(libc_a-sbrkr.o)
 .data          0x20000000        0x0 C:/arm-gnu-toolchain-15.2.rel1-mingw-w64-i686-arm-none-eabi/bin/../lib/gcc/arm-none-eabi/15.2.1/../../../../arm-none-eabi/lib/thumb/v7e-m+fp/hard\libc_nano.a(libc_a-lock.o)
 .data          0x20000000        0x0 C:/arm-gnu-toolchain-15.2.rel1-mingw-w64-i686-arm-none-eabi/bin/../lib/gcc/arm-none-eabi/15.2.1/../../../../arm-none-eabi/lib/thumb/v7e-m+fp/hard\libc_nano.a(libc_a-strcmp.o)
 .data          0x20000000        0x0 C:/arm-gnu-toolchain-15.2.rel1-mingw-w64-i686-arm-none-eabi/bin/../lib/gcc/arm-none-eabi/15.2.1/../../../../arm-none-eabi/lib/thumb/v7e-m+fp/hard\libc_nano.a(libc_a-memcpy-stub.o)
 .data          0x20000000        0x0 C:/arm-gnu-toolchain-15.2.rel1-mingw-w64-i686-arm-none-eabi/bin/../lib/gcc/arm-none-eabi/15.2.1/../../../../arm-none-eabi/lib/thumb/v7e-m+fp/hard\libc_nano.a(libc_a-assert.o)
 .data          0x20000000        0x0 C:/arm-gnu-toolchain-15.2.rel1-mingw-w64-i686-arm-none-eabi/bin/../lib/gcc/arm-none-eabi/15.2.1/../../../../arm-none-eabi/lib/thumb/v7e-m+fp/hard\libc_nano.a(libc_a-callocr.o)
 .data          0x20000000        0x0 C:/arm-gnu-toolchain-15.2.rel1-mingw-w64-i686-arm-none-eabi/bin/../lib/gcc/arm-none-eabi/15.2.1/../../../../arm-none-eabi/lib/thumb/v7e-m+fp/hard\libc_nano.a(libc_a-freer.o)
 .data          0x20000000        0x0 C:/arm-gnu-toolchain-15.2.rel1-mingw-w64-i686-arm-none-eabi/bin/../lib/gcc/arm-none-eabi/15.2.1/../../../../arm-none-eabi/lib/thumb/v7e-m+fp/hard\libc_nano.a(libc_a-mbtowc_r.o)
 .data          0x20000000        0x0 C:/arm-gnu-toolchain-15.2.rel1-mingw-w64-i686-arm-none-eabi/bin/../lib/gcc/arm-none-eabi/15.2.1/../../../../arm-none-eabi/lib/thumb/v7e-m+fp/hard\libc_nano.a(libc_a-wctomb_r.o)
 .data          0x20000000        0x0 C:/arm-gnu-toolchain-15.2.rel1-mingw-w64-i686-arm-none-eabi/bin/../lib/gcc/arm-none-eabi/15.2.1/../../../../arm-none-eabi/lib/thumb/v7e-m+fp/hard\libc_nano.a(libc_a-ctype_.o)
 .data          0x20000000        0x0 C:/arm-gnu-toolchain-15.2.rel1-mingw-w64-i686-arm-none-eabi/bin/../lib/gcc/arm-none-eabi/15.2.1/../../../../arm-none-eabi/lib/thumb/v7e-m+fp/hard\libc_nano.a(libc_a-fprintf.o)
 .data          0x20000000        0x0 C:/arm-gnu-toolchain-15.2.rel1-mingw-w64-i686-arm-none-eabi/bin/../lib/gcc/arm-none-eabi/15.2.1/../../../../arm-none-eabi/lib/thumb/v7e-m+fp/hard\libc_nano.a(libc_a-memset.o)
 .data          0x20000000        0x0 C:/arm-gnu-toolchain-15.2.rel1-mingw-w64-i686-arm-none-eabi/bin/../lib/gcc/arm-none-eabi/15.2.1/../../../../arm-none-eabi/lib/thumb/v7e-m+fp/hard\libc_nano.a(libc_a-reent.o)
 .data          0x20000000        0x0 C:/arm-gnu-toolchain-15.2.rel1-mingw-w64-i686-arm-none-eabi/bin/../lib/gcc/arm-none-eabi/15.2.1/../../../../arm-none-eabi/lib/thumb/v7e-m+fp/hard\libc_nano.a(libc_a-abort.o)
 .data          0x20000000        0x0 C:/arm-gnu-toolchain-15.2.rel1-mingw-w64-i686-arm-none-eabi/bin/../lib/gcc/arm-none-eabi/15.2.1/../../../../arm-none-eabi/lib/thumb/v7e-m+fp/hard\libc_nano.a(libc_a-nano-vfprintf.o)
 .data          0x20000000        0x0 C:/arm-gnu-toolchain-15.2.rel1-mingw-w64-i686-arm-none-eabi/bin/../lib/gcc/arm-none-eabi/15.2.1/../../../../arm-none-eabi/lib/thumb/v7e-m+fp/hard\libc_nano.a(libc_a-findfp.o)
 .data          0x20000000        0x0 C:/arm-gnu-toolchain-15.2.rel1-mingw-w64-i686-arm-none-eabi/bin/../lib/gcc/arm-none-eabi/15.2.1/../../../../arm-none-eabi/lib/thumb/v7e-m+fp/hard\libc_nano.a(libc_a-fvwrite.o)
 .data          0x20000000        0x0 C:/arm-gnu-toolchain-15.2.rel1-mingw-w64-i686-arm-none-eabi/bin/../lib/gcc/arm-none-eabi/15.2.1/../../../../arm-none-eabi/lib/thumb/v7e-m+fp/hard\libc_nano.a(libc_a-fwalk.o)
 .data          0x20000000        0x0 C:/arm-gnu-toolchain-15.2.rel1-mingw-w64-i686-arm-none-eabi/bin/../lib/gcc/arm-none-eabi/15.2.1/../../../../arm-none-eabi/lib/thumb/v7e-m+fp/hard\libc_nano.a(libc_a-stdio.o)
 .data          0x20000000        0x0 C:/arm-gnu-toolchain-15.2.rel1-mingw-w64-i686-arm-none-eabi/bin/../lib/gcc/arm-none-eabi/15.2.1/../../../../arm-none-eabi/lib/thumb/v7e-m+fp/hard\libc_nano.a(libc_a-wbuf.o)
 .data          0x20000000        0x0 C:/arm-gnu-toolchain-15.2.rel1-mingw-w64-i686-arm-none-eabi/bin/../lib/gcc/arm-none-eabi/15.2.1/../../../../arm-none-eabi/lib/thumb/v7e-m+fp/hard\libc_nano.a(libc_a-wsetup.o)
 .data          0x20000000        0x0 C:/arm-gnu-toolchain-15.2.rel1-mingw-w64-i686-arm-none-eabi/bin/../lib/gcc/arm-none-eabi/15.2.1/../../../../arm-none-eabi/lib/thumb/v7e-m+fp/hard\libc_nano.a(libc_a-memmove.o)
 .data          0x20000000        0x0 C:/arm-gnu-toolchain-15.2.rel1-mingw-w64-i686-arm-none-eabi/bin/../lib/gcc/arm-none-eabi/15.2.1/../../../../arm-none-eabi/lib/thumb/v7e-m+fp/hard\libc_nano.a(libc_a-signal.o)
 .data          0x20000000        0x0 C:/arm-gnu-toolchain-15.2.rel1-mingw-w64-i686-arm-none-eabi/bin/../lib/gcc/arm-none-eabi/15.2.1/../../../../arm-none-eabi/lib/thumb/v7e-m+fp/hard\libc_nano.a(libc_a-closer.o)
 .data          0x20000000        0x0 C:/arm-gnu-toolchain-15.2.rel1-mingw-w64-i686-arm-none-eabi/bin/../lib/gcc/arm-none-eabi/15.2.1/../../../../arm-none-eabi/lib/thumb/v7e-m+fp/hard\libc_nano.a(libc_a-lseekr.o)
 .data          0x20000000        0x0 C:/arm-gnu-toolchain-15.2.rel1-mingw-w64-i686-arm-none-eabi/bin/../lib/gcc/arm-none-eabi/15.2.1/../../../../arm-none-eabi/lib/thumb/v7e-m+fp/hard\libc_nano.a(libc_a-readr.o)
 .data          0x20000000        0x0 C:/arm-gnu-toolchain-15.2.rel1-mingw-w64-i686-arm-none-eabi/bin/../lib/gcc/arm-none-eabi/15.2.1/../../../../arm-none-eabi/lib/thumb/v7e-m+fp/hard\libc_nano.a(libc_a-signalr.o)
 .data          0x20000000        0x0 C:/arm-gnu-toolchain-15.2.rel1-mingw-w64-i686-arm-none-eabi/bin/../lib/gcc/arm-none-eabi/15.2.1/../../../../arm-none-eabi/lib/thumb/v7e-m+fp/hard\libc_nano.a(libc_a-writer.o)
 .data          0x20000000        0x0 C:/arm-gnu-toolchain-15.2.rel1-mingw-w64-i686-arm-none-eabi/bin/../lib/gcc/arm-none-eabi/15.2.1/../../../../arm-none-eabi/lib/thumb/v7e-m+fp/hard\libc_nano.a(libc_a-reallocr.o)
 .data          0x20000000        0x0 C:/arm-gnu-toolchain-15.2.rel1-mingw-w64-i686-arm-none-eabi/bin/../lib/gcc/arm-none-eabi/15.2.1/../../../../arm-none-eabi/lib/thumb/v7e-m+fp/hard\libc_nano.a(libc_a-fflush.o)
 .data          0x20000000        0x0 C:/arm-gnu-toolchain-15.2.rel1-mingw-w64-i686-arm-none-eabi/bin/../lib/gcc/arm-none-eabi/15.2.1/../../../../arm-none-eabi/lib/thumb/v7e-m+fp/hard\libc_nano.a(libc_a-makebuf.o)
 .data          0x20000000        0x0 C:/arm-gnu-toolchain-15.2.rel1-mingw-w64-i686-arm-none-eabi/bin/../lib/gcc/arm-none-eabi/15.2.1/../../../../arm-none-eabi/lib/thumb/v7e-m+fp/hard\libc_nano.a(libc_a-fstatr.o)
 .data          0x20000000        0x0 C:/arm-gnu-toolchain-15.2.rel1-mingw-w64-i686-arm-none-eabi/bin/../lib/gcc/arm-none-eabi/15.2.1/../../../../arm-none-eabi/lib/thumb/v7e-m+fp/hard\libc_nano.a(libc_a-isattyr.o)
 .data          0x20000000        0x0 C:/arm-gnu-toolchain-15.2.rel1-mingw-w64-i686-arm-none-eabi/bin/../lib/gcc/arm-none-eabi/15.2.1/../../../../arm-none-eabi/lib/thumb/v7e-m+fp/hard\libc_nano.a(libc_a-msizer.o)
 .data          0x20000000        0x0 C:/arm-gnu-toolchain-15.2.rel1-mingw-w64-i686-arm-none-eabi/bin/../lib/gcc/arm-none-eabi/15.2.1/thumb/v7e-m+fp/hard\libgcc.a(_arm_muldf3.o)
 .data          0x20000000        0x0 C:/arm-gnu-toolchain-15.2.rel1-mingw-w64-i686-arm-none-eabi/bin/../lib/gcc/arm-none-eabi/15.2.1/thumb/v7e-m+fp/hard\libgcc.a(_arm_addsubdf3.o)
 .data          0x20000000        0x0 C:/arm-gnu-toolchain-15.2.rel1-mingw-w64-i686-arm-none-eabi/bin/../lib/gcc/arm-none-eabi/15.2.1/thumb/v7e-m+fp/hard\libgcc.a(_arm_muldivdf3.o)
 .data          0x20000000        0x0 C:/arm-gnu-toolchain-15.2.rel1-mingw-w64-i686-arm-none-eabi/bin/../lib/gcc/arm-none-eabi/15.2.1/thumb/v7e-m+fp/hard\libgcc.a(_arm_cmpdf2.o)
 .data          0x20000000        0x0 C:/arm-gnu-toolchain-15.2.rel1-mingw-w64-i686-arm-none-eabi/bin/../lib/gcc/arm-none-eabi/15.2.1/thumb/v7e-m+fp/hard\libgcc.a(_arm_unorddf2.o)
 .data          0x20000000        0x0 C:/arm-gnu-toolchain-15.2.rel1-mingw-w64-i686-arm-none-eabi/bin/../lib/gcc/arm-none-eabi/15.2.1/thumb/v7e-m+fp/hard\libgcc.a(_arm_fixdfsi.o)
 .data          0x20000000        0x0 C:/arm-gnu-toolchain-15.2.rel1-mingw-w64-i686-arm-none-eabi/bin/../lib/gcc/arm-none-eabi/15.2.1/../../../../arm-none-eabi/lib/thumb/v7e-m+fp/hard\libnosys.a(_exit.o)
 *(.data.*)
 .data.__global_locale
                0x20000000      0x16c C:/arm-gnu-toolchain-15.2.rel1-mingw-w64-i686-arm-none-eabi/bin/../lib/gcc/arm-none-eabi/15.2.1/../../../../arm-none-eabi/lib/thumb/v7e-m+fp/hard\libc_nano.a(libc_a-locale.o)
                0x20000000                __global_locale
 .data._impure_ptr
                0x2000016c        0x4 C:/arm-gnu-toolchain-15.2.rel1-mingw-w64-i686-arm-none-eabi/bin/../lib/gcc/arm-none-eabi/15.2.1/../../../../arm-none-eabi/lib/thumb/v7e-m+fp/hard\libc_nano.a(libc_a-impure.o)
                0x2000016c                _impure_ptr
 .data._impure_data
                0x20000170       0x4c C:/arm-gnu-toolchain-15.2.rel1-mingw-w64-i686-arm-none-eabi/bin/../lib/gcc/arm-none-eabi/15.2.1/../../../../arm-none-eabi/lib/thumb/v7e-m+fp/hard\libc_nano.a(libc_a-impure.o)
                0x20000170                _impure_data
 .data.__sglue  0x200001bc        0xc C:/arm-gnu-toolchain-15.2.rel1-mingw-w64-i686-arm-none-eabi/bin/../lib/gcc/arm-none-eabi/15.2.1/../../../../arm-none-eabi/lib/thumb/v7e-m+fp/hard\libc_nano.a(libc_a-findfp.o)
                0x200001bc                __sglue
                0x200001c8                        . = ALIGN (0x4)
                0x200001c8                        __RW_LIMIT__ = .
                0x000001c8                        __RW_SIZE__ = SIZEOF (.data)
                0x08004380                        __RW_LOAD_ADDR__ = LOADADDR (.data)

.igot.plt       0x200001c8        0x0 load address 0x08004548
 .igot.plt      0x200001c8        0x0 runtime.o

.bss            0x200001c8      0x154 load address 0x08004548
                0x200001c8                        __ZI_BASE__ = .
 *(.bss)
 .bss           0x200001c8        0x0 main.o
 .bss           0x200001c8        0x0 runtime.o
 .bss           0x200001c8        0x0 crt0.o
 .bss           0x200001c8        0x0 C:/arm-gnu-toolchain-15.2.rel1-mingw-w64-i686-arm-none-eabi/bin/../lib/gcc/arm-none-eabi/15.2.1/../../../../arm-none-eabi/lib/thumb/v7e-m+fp/hard\libc_nano.a(libc_a-nano-vfprintf_float.o)
 .bss           0x200001c8        0x0 C:/arm-gnu-toolchain-15.2.rel1-mingw-w64-i686-arm-none-eabi/bin/../lib/gcc/arm-none-eabi/15.2.1/../../../../arm-none-eabi/lib/thumb/v7e-m+fp/hard\libc_nano.a(libc_a-nano-vfprintf_i.o)
 .bss           0x200001c8        0x0 C:/arm-gnu-toolchain-15.2.rel1-mingw-w64-i686-arm-none-eabi/bin/../lib/gcc/arm-none-eabi/15.2.1/../../../../arm-none-eabi/lib/thumb/v7e-m+fp/hard\libc_nano.a(libc_a-localeconv.o)
 .bss           0x200001c8        0x0 C:/arm-gnu-toolchain-15.2.rel1-mingw-w64-i686-arm-none-eabi/bin/../lib/gcc/arm-none-eabi/15.2.1/../../../../arm-none-eabi/lib/thumb/v7e-m+fp/hard\libc_nano.a(libc_a-errno.o)
 .bss           0x200001c8        0x0 C:/arm-gnu-toolchain-15.2.rel1-mingw-w64-i686-arm-none-eabi/bin/../lib/gcc/arm-none-eabi/15.2.1/../../../../arm-none-eabi/lib/thumb/v7e-m+fp/hard\libc_nano.a(libc_a-memchr.o)
 .bss           0x200001c8        0x0 C:/arm-gnu-toolchain-15.2.rel1-mingw-w64-i686-arm-none-eabi/bin/../lib/gcc/arm-none-eabi/15.2.1/../../../../arm-none-eabi/lib/thumb/v7e-m+fp/hard\libc_nano.a(libc_a-strlen.o)
 .bss           0x200001c8        0x0 C:/arm-gnu-toolchain-15.2.rel1-mingw-w64-i686-arm-none-eabi/bin/../lib/gcc/arm-none-eabi/15.2.1/../../../../arm-none-eabi/lib/thumb/v7e-m+fp/hard\libc_nano.a(libc_a-dtoa.o)
 .bss           0x200001c8        0x0 C:/arm-gnu-toolchain-15.2.rel1-mingw-w64-i686-arm-none-eabi/bin/../lib/gcc/arm-none-eabi/15.2.1/../../../../arm-none-eabi/lib/thumb/v7e-m+fp/hard\libc_nano.a(libc_a-malloc.o)
 .bss           0x200001c8        0x0 C:/arm-gnu-toolchain-15.2.rel1-mingw-w64-i686-arm-none-eabi/bin/../lib/gcc/arm-none-eabi/15.2.1/../../../../arm-none-eabi/lib/thumb/v7e-m+fp/hard\libc_nano.a(libc_a-mallocr.o)
 .bss           0x200001c8        0x0 C:/arm-gnu-toolchain-15.2.rel1-mingw-w64-i686-arm-none-eabi/bin/../lib/gcc/arm-none-eabi/15.2.1/../../../../arm-none-eabi/lib/thumb/v7e-m+fp/hard\libc_nano.a(libc_a-mlock.o)
 .bss           0x200001c8        0x0 C:/arm-gnu-toolchain-15.2.rel1-mingw-w64-i686-arm-none-eabi/bin/../lib/gcc/arm-none-eabi/15.2.1/../../../../arm-none-eabi/lib/thumb/v7e-m+fp/hard\libc_nano.a(libc_a-mprec.o)
 .bss           0x200001c8        0x0 C:/arm-gnu-toolchain-15.2.rel1-mingw-w64-i686-arm-none-eabi/bin/../lib/gcc/arm-none-eabi/15.2.1/../../../../arm-none-eabi/lib/thumb/v7e-m+fp/hard\libc_nano.a(libc_a-locale.o)
 .bss           0x200001c8        0x0 C:/arm-gnu-toolchain-15.2.rel1-mingw-w64-i686-arm-none-eabi/bin/../lib/gcc/arm-none-eabi/15.2.1/../../../../arm-none-eabi/lib/thumb/v7e-m+fp/hard\libc_nano.a(libc_a-impure.o)
 .bss           0x200001c8        0x0 C:/arm-gnu-toolchain-15.2.rel1-mingw-w64-i686-arm-none-eabi/bin/../lib/gcc/arm-none-eabi/15.2.1/../../../../arm-none-eabi/lib/thumb/v7e-m+fp/hard\libc_nano.a(libc_a-sbrkr.o)
 .bss           0x200001c8        0x0 C:/arm-gnu-toolchain-15.2.rel1-mingw-w64-i686-arm-none-eabi/bin/../lib/gcc/arm-none-eabi/15.2.1/../../../../arm-none-eabi/lib/thumb/v7e-m+fp/hard\libc_nano.a(libc_a-lock.o)
 .bss           0x200001c8        0x0 C:/arm-gnu-toolchain-15.2.rel1-mingw-w64-i686-arm-none-eabi/bin/../lib/gcc/arm-none-eabi/15.2.1/../../../../arm-none-eabi/lib/thumb/v7e-m+fp/hard\libc_nano.a(libc_a-strcmp.o)
 .bss           0x200001c8        0x0 C:/arm-gnu-toolchain-15.2.rel1-mingw-w64-i686-arm-none-eabi/bin/../lib/gcc/arm-none-eabi/15.2.1/../../../../arm-none-eabi/lib/thumb/v7e-m+fp/hard\libc_nano.a(libc_a-memcpy-stub.o)
 .bss           0x200001c8        0x0 C:/arm-gnu-toolchain-15.2.rel1-mingw-w64-i686-arm-none-eabi/bin/../lib/gcc/arm-none-eabi/15.2.1/../../../../arm-none-eabi/lib/thumb/v7e-m+fp/hard\libc_nano.a(libc_a-assert.o)
 .bss           0x200001c8        0x0 C:/arm-gnu-toolchain-15.2.rel1-mingw-w64-i686-arm-none-eabi/bin/../lib/gcc/arm-none-eabi/15.2.1/../../../../arm-none-eabi/lib/thumb/v7e-m+fp/hard\libc_nano.a(libc_a-callocr.o)
 .bss           0x200001c8        0x0 C:/arm-gnu-toolchain-15.2.rel1-mingw-w64-i686-arm-none-eabi/bin/../lib/gcc/arm-none-eabi/15.2.1/../../../../arm-none-eabi/lib/thumb/v7e-m+fp/hard\libc_nano.a(libc_a-freer.o)
 .bss           0x200001c8        0x0 C:/arm-gnu-toolchain-15.2.rel1-mingw-w64-i686-arm-none-eabi/bin/../lib/gcc/arm-none-eabi/15.2.1/../../../../arm-none-eabi/lib/thumb/v7e-m+fp/hard\libc_nano.a(libc_a-mbtowc_r.o)
 .bss           0x200001c8        0x0 C:/arm-gnu-toolchain-15.2.rel1-mingw-w64-i686-arm-none-eabi/bin/../lib/gcc/arm-none-eabi/15.2.1/../../../../arm-none-eabi/lib/thumb/v7e-m+fp/hard\libc_nano.a(libc_a-wctomb_r.o)
 .bss           0x200001c8        0x0 C:/arm-gnu-toolchain-15.2.rel1-mingw-w64-i686-arm-none-eabi/bin/../lib/gcc/arm-none-eabi/15.2.1/../../../../arm-none-eabi/lib/thumb/v7e-m+fp/hard\libc_nano.a(libc_a-ctype_.o)
 .bss           0x200001c8        0x0 C:/arm-gnu-toolchain-15.2.rel1-mingw-w64-i686-arm-none-eabi/bin/../lib/gcc/arm-none-eabi/15.2.1/../../../../arm-none-eabi/lib/thumb/v7e-m+fp/hard\libc_nano.a(libc_a-fprintf.o)
 .bss           0x200001c8        0x0 C:/arm-gnu-toolchain-15.2.rel1-mingw-w64-i686-arm-none-eabi/bin/../lib/gcc/arm-none-eabi/15.2.1/../../../../arm-none-eabi/lib/thumb/v7e-m+fp/hard\libc_nano.a(libc_a-memset.o)
 .bss           0x200001c8        0x0 C:/arm-gnu-toolchain-15.2.rel1-mingw-w64-i686-arm-none-eabi/bin/../lib/gcc/arm-none-eabi/15.2.1/../../../../arm-none-eabi/lib/thumb/v7e-m+fp/hard\libc_nano.a(libc_a-reent.o)
 .bss           0x200001c8        0x0 C:/arm-gnu-toolchain-15.2.rel1-mingw-w64-i686-arm-none-eabi/bin/../lib/gcc/arm-none-eabi/15.2.1/../../../../arm-none-eabi/lib/thumb/v7e-m+fp/hard\libc_nano.a(libc_a-abort.o)
 .bss           0x200001c8        0x0 C:/arm-gnu-toolchain-15.2.rel1-mingw-w64-i686-arm-none-eabi/bin/../lib/gcc/arm-none-eabi/15.2.1/../../../../arm-none-eabi/lib/thumb/v7e-m+fp/hard\libc_nano.a(libc_a-nano-vfprintf.o)
 .bss           0x200001c8        0x0 C:/arm-gnu-toolchain-15.2.rel1-mingw-w64-i686-arm-none-eabi/bin/../lib/gcc/arm-none-eabi/15.2.1/../../../../arm-none-eabi/lib/thumb/v7e-m+fp/hard\libc_nano.a(libc_a-findfp.o)
 .bss           0x200001c8        0x0 C:/arm-gnu-toolchain-15.2.rel1-mingw-w64-i686-arm-none-eabi/bin/../lib/gcc/arm-none-eabi/15.2.1/../../../../arm-none-eabi/lib/thumb/v7e-m+fp/hard\libc_nano.a(libc_a-fvwrite.o)
 .bss           0x200001c8        0x0 C:/arm-gnu-toolchain-15.2.rel1-mingw-w64-i686-arm-none-eabi/bin/../lib/gcc/arm-none-eabi/15.2.1/../../../../arm-none-eabi/lib/thumb/v7e-m+fp/hard\libc_nano.a(libc_a-fwalk.o)
 .bss           0x200001c8        0x0 C:/arm-gnu-toolchain-15.2.rel1-mingw-w64-i686-arm-none-eabi/bin/../lib/gcc/arm-none-eabi/15.2.1/../../../../arm-none-eabi/lib/thumb/v7e-m+fp/hard\libc_nano.a(libc_a-stdio.o)
 .bss           0x200001c8        0x0 C:/arm-gnu-toolchain-15.2.rel1-mingw-w64-i686-arm-none-eabi/bin/../lib/gcc/arm-none-eabi/15.2.1/../../../../arm-none-eabi/lib/thumb/v7e-m+fp/hard\libc_nano.a(libc_a-wbuf.o)
 .bss           0x200001c8        0x0 C:/arm-gnu-toolchain-15.2.rel1-mingw-w64-i686-arm-none-eabi/bin/../lib/gcc/arm-none-eabi/15.2.1/../../../../arm-none-eabi/lib/thumb/v7e-m+fp/hard\libc_nano.a(libc_a-wsetup.o)
 .bss           0x200001c8        0x0 C:/arm-gnu-toolchain-15.2.rel1-mingw-w64-i686-arm-none-eabi/bin/../lib/gcc/arm-none-eabi/15.2.1/../../../../arm-none-eabi/lib/thumb/v7e-m+fp/hard\libc_nano.a(libc_a-memmove.o)
 .bss           0x200001c8        0x0 C:/arm-gnu-toolchain-15.2.rel1-mingw-w64-i686-arm-none-eabi/bin/../lib/gcc/arm-none-eabi/15.2.1/../../../../arm-none-eabi/lib/thumb/v7e-m+fp/hard\libc_nano.a(libc_a-signal.o)
 .bss           0x200001c8        0x0 C:/arm-gnu-toolchain-15.2.rel1-mingw-w64-i686-arm-none-eabi/bin/../lib/gcc/arm-none-eabi/15.2.1/../../../../arm-none-eabi/lib/thumb/v7e-m+fp/hard\libc_nano.a(libc_a-closer.o)
 .bss           0x200001c8        0x0 C:/arm-gnu-toolchain-15.2.rel1-mingw-w64-i686-arm-none-eabi/bin/../lib/gcc/arm-none-eabi/15.2.1/../../../../arm-none-eabi/lib/thumb/v7e-m+fp/hard\libc_nano.a(libc_a-lseekr.o)
 .bss           0x200001c8        0x0 C:/arm-gnu-toolchain-15.2.rel1-mingw-w64-i686-arm-none-eabi/bin/../lib/gcc/arm-none-eabi/15.2.1/../../../../arm-none-eabi/lib/thumb/v7e-m+fp/hard\libc_nano.a(libc_a-readr.o)
 .bss           0x200001c8        0x0 C:/arm-gnu-toolchain-15.2.rel1-mingw-w64-i686-arm-none-eabi/bin/../lib/gcc/arm-none-eabi/15.2.1/../../../../arm-none-eabi/lib/thumb/v7e-m+fp/hard\libc_nano.a(libc_a-signalr.o)
 .bss           0x200001c8        0x0 C:/arm-gnu-toolchain-15.2.rel1-mingw-w64-i686-arm-none-eabi/bin/../lib/gcc/arm-none-eabi/15.2.1/../../../../arm-none-eabi/lib/thumb/v7e-m+fp/hard\libc_nano.a(libc_a-writer.o)
 .bss           0x200001c8        0x0 C:/arm-gnu-toolchain-15.2.rel1-mingw-w64-i686-arm-none-eabi/bin/../lib/gcc/arm-none-eabi/15.2.1/../../../../arm-none-eabi/lib/thumb/v7e-m+fp/hard\libc_nano.a(libc_a-reallocr.o)
 .bss           0x200001c8        0x0 C:/arm-gnu-toolchain-15.2.rel1-mingw-w64-i686-arm-none-eabi/bin/../lib/gcc/arm-none-eabi/15.2.1/../../../../arm-none-eabi/lib/thumb/v7e-m+fp/hard\libc_nano.a(libc_a-fflush.o)
 .bss           0x200001c8        0x0 C:/arm-gnu-toolchain-15.2.rel1-mingw-w64-i686-arm-none-eabi/bin/../lib/gcc/arm-none-eabi/15.2.1/../../../../arm-none-eabi/lib/thumb/v7e-m+fp/hard\libc_nano.a(libc_a-makebuf.o)
 .bss           0x200001c8        0x0 C:/arm-gnu-toolchain-15.2.rel1-mingw-w64-i686-arm-none-eabi/bin/../lib/gcc/arm-none-eabi/15.2.1/../../../../arm-none-eabi/lib/thumb/v7e-m+fp/hard\libc_nano.a(libc_a-fstatr.o)
 .bss           0x200001c8        0x0 C:/arm-gnu-toolchain-15.2.rel1-mingw-w64-i686-arm-none-eabi/bin/../lib/gcc/arm-none-eabi/15.2.1/../../../../arm-none-eabi/lib/thumb/v7e-m+fp/hard\libc_nano.a(libc_a-isattyr.o)
 .bss           0x200001c8        0x0 C:/arm-gnu-toolchain-15.2.rel1-mingw-w64-i686-arm-none-eabi/bin/../lib/gcc/arm-none-eabi/15.2.1/../../../../arm-none-eabi/lib/thumb/v7e-m+fp/hard\libc_nano.a(libc_a-msizer.o)
 .bss           0x200001c8        0x0 C:/arm-gnu-toolchain-15.2.rel1-mingw-w64-i686-arm-none-eabi/bin/../lib/gcc/arm-none-eabi/15.2.1/thumb/v7e-m+fp/hard\libgcc.a(_arm_muldf3.o)
 .bss           0x200001c8        0x0 C:/arm-gnu-toolchain-15.2.rel1-mingw-w64-i686-arm-none-eabi/bin/../lib/gcc/arm-none-eabi/15.2.1/thumb/v7e-m+fp/hard\libgcc.a(_arm_addsubdf3.o)
 .bss           0x200001c8        0x0 C:/arm-gnu-toolchain-15.2.rel1-mingw-w64-i686-arm-none-eabi/bin/../lib/gcc/arm-none-eabi/15.2.1/thumb/v7e-m+fp/hard\libgcc.a(_arm_muldivdf3.o)
 .bss           0x200001c8        0x0 C:/arm-gnu-toolchain-15.2.rel1-mingw-w64-i686-arm-none-eabi/bin/../lib/gcc/arm-none-eabi/15.2.1/thumb/v7e-m+fp/hard\libgcc.a(_arm_cmpdf2.o)
 .bss           0x200001c8        0x0 C:/arm-gnu-toolchain-15.2.rel1-mingw-w64-i686-arm-none-eabi/bin/../lib/gcc/arm-none-eabi/15.2.1/thumb/v7e-m+fp/hard\libgcc.a(_arm_unorddf2.o)
 .bss           0x200001c8        0x0 C:/arm-gnu-toolchain-15.2.rel1-mingw-w64-i686-arm-none-eabi/bin/../lib/gcc/arm-none-eabi/15.2.1/thumb/v7e-m+fp/hard\libgcc.a(_arm_fixdfsi.o)
 .bss           0x200001c8        0x0 C:/arm-gnu-toolchain-15.2.rel1-mingw-w64-i686-arm-none-eabi/bin/../lib/gcc/arm-none-eabi/15.2.1/../../../../arm-none-eabi/lib/thumb/v7e-m+fp/hard\libnosys.a(_exit.o)
 *(.bss.*)
 .bss.__malloc_sbrk_start
                0x200001c8        0x4 C:/arm-gnu-toolchain-15.2.rel1-mingw-w64-i686-arm-none-eabi/bin/../lib/gcc/arm-none-eabi/15.2.1/../../../../arm-none-eabi/lib/thumb/v7e-m+fp/hard\libc_nano.a(libc_a-mallocr.o)
                0x200001c8                __malloc_sbrk_start
 .bss.__malloc_free_list
                0x200001cc        0x4 C:/arm-gnu-toolchain-15.2.rel1-mingw-w64-i686-arm-none-eabi/bin/../lib/gcc/arm-none-eabi/15.2.1/../../../../arm-none-eabi/lib/thumb/v7e-m+fp/hard\libc_nano.a(libc_a-mallocr.o)
                0x200001cc                __malloc_free_list
 .bss._PathLocale
                0x200001d0        0x4 C:/arm-gnu-toolchain-15.2.rel1-mingw-w64-i686-arm-none-eabi/bin/../lib/gcc/arm-none-eabi/15.2.1/../../../../arm-none-eabi/lib/thumb/v7e-m+fp/hard\libc_nano.a(libc_a-locale.o)
                0x200001d0                _PathLocale
 .bss.__lock___arc4random_mutex
                0x200001d4        0x1 C:/arm-gnu-toolchain-15.2.rel1-mingw-w64-i686-arm-none-eabi/bin/../lib/gcc/arm-none-eabi/15.2.1/../../../../arm-none-eabi/lib/thumb/v7e-m+fp/hard\libc_nano.a(libc_a-lock.o)
                0x200001d4                __lock___arc4random_mutex
 .bss.__lock___dd_hash_mutex
                0x200001d5        0x1 C:/arm-gnu-toolchain-15.2.rel1-mingw-w64-i686-arm-none-eabi/bin/../lib/gcc/arm-none-eabi/15.2.1/../../../../arm-none-eabi/lib/thumb/v7e-m+fp/hard\libc_nano.a(libc_a-lock.o)
                0x200001d5                __lock___dd_hash_mutex
 .bss.__lock___tz_mutex
                0x200001d6        0x1 C:/arm-gnu-toolchain-15.2.rel1-mingw-w64-i686-arm-none-eabi/bin/../lib/gcc/arm-none-eabi/15.2.1/../../../../arm-none-eabi/lib/thumb/v7e-m+fp/hard\libc_nano.a(libc_a-lock.o)
                0x200001d6                __lock___tz_mutex
 .bss.__lock___env_recursive_mutex
                0x200001d7        0x1 C:/arm-gnu-toolchain-15.2.rel1-mingw-w64-i686-arm-none-eabi/bin/../lib/gcc/arm-none-eabi/15.2.1/../../../../arm-none-eabi/lib/thumb/v7e-m+fp/hard\libc_nano.a(libc_a-lock.o)
                0x200001d7                __lock___env_recursive_mutex
 .bss.__lock___malloc_recursive_mutex
                0x200001d8        0x1 C:/arm-gnu-toolchain-15.2.rel1-mingw-w64-i686-arm-none-eabi/bin/../lib/gcc/arm-none-eabi/15.2.1/../../../../arm-none-eabi/lib/thumb/v7e-m+fp/hard\libc_nano.a(libc_a-lock.o)
                0x200001d8                __lock___malloc_recursive_mutex
 .bss.__lock___at_quick_exit_mutex
                0x200001d9        0x1 C:/arm-gnu-toolchain-15.2.rel1-mingw-w64-i686-arm-none-eabi/bin/../lib/gcc/arm-none-eabi/15.2.1/../../../../arm-none-eabi/lib/thumb/v7e-m+fp/hard\libc_nano.a(libc_a-lock.o)
                0x200001d9                __lock___at_quick_exit_mutex
 .bss.__lock___atexit_recursive_mutex
                0x200001da        0x1 C:/arm-gnu-toolchain-15.2.rel1-mingw-w64-i686-arm-none-eabi/bin/../lib/gcc/arm-none-eabi/15.2.1/../../../../arm-none-eabi/lib/thumb/v7e-m+fp/hard\libc_nano.a(libc_a-lock.o)
                0x200001da                __lock___atexit_recursive_mutex
 .bss.__lock___sfp_recursive_mutex
                0x200001db        0x1 C:/arm-gnu-toolchain-15.2.rel1-mingw-w64-i686-arm-none-eabi/bin/../lib/gcc/arm-none-eabi/15.2.1/../../../../arm-none-eabi/lib/thumb/v7e-m+fp/hard\libc_nano.a(libc_a-lock.o)
                0x200001db                __lock___sfp_recursive_mutex
 .bss.errno     0x200001dc        0x4 C:/arm-gnu-toolchain-15.2.rel1-mingw-w64-i686-arm-none-eabi/bin/../lib/gcc/arm-none-eabi/15.2.1/../../../../arm-none-eabi/lib/thumb/v7e-m+fp/hard\libc_nano.a(libc_a-reent.o)
                0x200001dc                errno
 .bss.__sf      0x200001e0      0x138 C:/arm-gnu-toolchain-15.2.rel1-mingw-w64-i686-arm-none-eabi/bin/../lib/gcc/arm-none-eabi/15.2.1/../../../../arm-none-eabi/lib/thumb/v7e-m+fp/hard\libc_nano.a(libc_a-findfp.o)
                0x200001e0                __sf
 .bss.__stdio_exit_handler
                0x20000318        0x4 C:/arm-gnu-toolchain-15.2.rel1-mingw-w64-i686-arm-none-eabi/bin/../lib/gcc/arm-none-eabi/15.2.1/../../../../arm-none-eabi/lib/thumb/v7e-m+fp/hard\libc_nano.a(libc_a-findfp.o)
                0x20000318                __stdio_exit_handler
                0x2000031c                        . = ALIGN (0x4)
                0x2000031c                        __ZI_LIMIT__ = .
                0x00000154                        __ZI_SIZE__ = SIZEOF (.bss)
OUTPUT(rom_0x08000000.elf elf32-littlearm)
LOAD linker stubs

.debug_info     0x00000000      0x502
 .debug_info    0x00000000       0x57 main.o
 .debug_info    0x00000057      0x487 runtime.o
 .debug_info    0x000004de       0x24 crt0.o

.debug_abbrev   0x00000000      0x1e1
 .debug_abbrev  0x00000000       0x52 main.o
 .debug_abbrev  0x00000052      0x17b runtime.o
 .debug_abbrev  0x000001cd       0x14 crt0.o

.debug_aranges  0x00000000       0x60
 .debug_aranges
                0x00000000       0x20 main.o
 .debug_aranges
                0x00000020       0x20 runtime.o
 .debug_aranges
                0x00000040       0x20 crt0.o

.debug_line     0x00000000      0x2cb
 .debug_line    0x00000000       0x9a main.o
 .debug_line    0x0000009a      0x1c1 runtime.o
 .debug_line    0x0000025b       0x70 crt0.o

.debug_str      0x00000000      0x308
 .debug_str     0x00000000      0x308 main.o
                                0x10c (size before relaxing)
 .debug_str     0x00000308        0x0 runtime.o
                                0x32a (size before relaxing)
 .debug_str     0x00000308        0x0 crt0.o
                                 0x57 (size before relaxing)

.comment        0x00000000       0x45
 .comment       0x00000000       0x45 main.o
                                 0x46 (size before relaxing)
 .comment       0x00000045        0x0 runtime.o
                                 0x46 (size before relaxing)

.ARM.attributes
                0x00000000       0x32
 .ARM.attributes
                0x00000000       0x34 main.o
 .ARM.attributes
                0x00000034       0x34 runtime.o
 .ARM.attributes
                0x00000068       0x20 crt0.o
 .ARM.attributes
                0x00000088       0x34 C:/arm-gnu-toolchain-15.2.rel1-mingw-w64-i686-arm-none-eabi/bin/../lib/gcc/arm-none-eabi/15.2.1/../../../../arm-none-eabi/lib/thumb/v7e-m+fp/hard\libc_nano.a(libc_a-nano-vfprintf_float.o)
 .ARM.attributes
                0x000000bc       0x34 C:/arm-gnu-toolchain-15.2.rel1-mingw-w64-i686-arm-none-eabi/bin/../lib/gcc/arm-none-eabi/15.2.1/../../../../arm-none-eabi/lib/thumb/v7e-m+fp/hard\libc_nano.a(libc_a-nano-vfprintf_i.o)
 .ARM.attributes
                0x000000f0       0x34 C:/arm-gnu-toolchain-15.2.rel1-mingw-w64-i686-arm-none-eabi/bin/../lib/gcc/arm-none-eabi/15.2.1/../../../../arm-none-eabi/lib/thumb/v7e-m+fp/hard\libc_nano.a(libc_a-localeconv.o)
 .ARM.attributes
                0x00000124       0x34 C:/arm-gnu-toolchain-15.2.rel1-mingw-w64-i686-arm-none-eabi/bin/../lib/gcc/arm-none-eabi/15.2.1/../../../../arm-none-eabi/lib/thumb/v7e-m+fp/hard\libc_nano.a(libc_a-errno.o)
 .ARM.attributes
                0x00000158       0x1c C:/arm-gnu-toolchain-15.2.rel1-mingw-w64-i686-arm-none-eabi/bin/../lib/gcc/arm-none-eabi/15.2.1/../../../../arm-none-eabi/lib/thumb/v7e-m+fp/hard\libc_nano.a(libc_a-memchr.o)
 .ARM.attributes
                0x00000174       0x17 C:/arm-gnu-toolchain-15.2.rel1-mingw-w64-i686-arm-none-eabi/bin/../lib/gcc/arm-none-eabi/15.2.1/../../../../arm-none-eabi/lib/thumb/v7e-m+fp/hard\libc_nano.a(libc_a-strlen.o)
 .ARM.attributes
                0x0000018b       0x34 C:/arm-gnu-toolchain-15.2.rel1-mingw-w64-i686-arm-none-eabi/bin/../lib/gcc/arm-none-eabi/15.2.1/../../../../arm-none-eabi/lib/thumb/v7e-m+fp/hard\libc_nano.a(libc_a-dtoa.o)
 .ARM.attributes
                0x000001bf       0x34 C:/arm-gnu-toolchain-15.2.rel1-mingw-w64-i686-arm-none-eabi/bin/../lib/gcc/arm-none-eabi/15.2.1/../../../../arm-none-eabi/lib/thumb/v7e-m+fp/hard\libc_nano.a(libc_a-malloc.o)
 .ARM.attributes
                0x000001f3       0x34 C:/arm-gnu-toolchain-15.2.rel1-mingw-w64-i686-arm-none-eabi/bin/../lib/gcc/arm-none-eabi/15.2.1/../../../../arm-none-eabi/lib/thumb/v7e-m+fp/hard\libc_nano.a(libc_a-mallocr.o)
 .ARM.attributes
                0x00000227       0x34 C:/arm-gnu-toolchain-15.2.rel1-mingw-w64-i686-arm-none-eabi/bin/../lib/gcc/arm-none-eabi/15.2.1/../../../../arm-none-eabi/lib/thumb/v7e-m+fp/hard\libc_nano.a(libc_a-mlock.o)
 .ARM.attributes
                0x0000025b       0x34 C:/arm-gnu-toolchain-15.2.rel1-mingw-w64-i686-arm-none-eabi/bin/../lib/gcc/arm-none-eabi/15.2.1/../../../../arm-none-eabi/lib/thumb/v7e-m+fp/hard\libc_nano.a(libc_a-mprec.o)
 .ARM.attributes